Component: ARM Compiler 5.05 update 1 (build 106) Tool: armlink [4d0efa]

==============================================================================

Section Cross References

    main.o(i.main) refers to interface.o(i.all_init) for all_init
    main.o(i.main) refers to oled_iic.o(i.OLED_Clear) for OLED_Clear
    main.o(i.main) refers to atoi.o(.text) for atoi
    main.o(i.main) refers to fflt_clz.o(x$fpl$fflt) for __aeabi_i2f
    main.o(i.main) refers to oled_iic.o(i.OLED_ShowCH) for OLED_ShowCH
    main.o(i.main) refers to ffixu.o(x$fpl$ffixu) for __aeabi_f2uiz
    main.o(i.main) refers to oled_iic.o(i.OLED_ShowNum) for OLED_ShowNum
    main.o(i.main) refers to oled_iic.o(i.OLED_ShowChar) for OLED_ShowChar
    main.o(i.main) refers to uart2.o(.data) for packet_ready
    main.o(i.main) refers to uart2.o(.bss) for uart_rx_buffer
    main.o(i.main) refers to speed_measurement.o(.data) for speed_variate
    main.o(i.main) refers to motor.o(.data) for sound_pwm
    stm32f10x_it.o(i.EXTI15_10_IRQHandler) refers to stm32f10x_exti.o(i.EXTI_GetITStatus) for EXTI_GetITStatus
    stm32f10x_it.o(i.EXTI15_10_IRQHandler) refers to stm32f10x_exti.o(i.EXTI_ClearITPendingBit) for EXTI_ClearITPendingBit
    stm32f10x_it.o(i.EXTI15_10_IRQHandler) refers to irctrol.o(.data) for ir_rec_flag
    interface.o(i.GPIO_clock_init) refers to stm32f10x_rcc.o(i.RCC_APB2PeriphClockCmd) for RCC_APB2PeriphClockCmd
    interface.o(i.all_init) refers to delay.o(i.delay_init) for delay_init
    interface.o(i.all_init) refers to interface.o(i.GPIO_clock_init) for GPIO_clock_init
    interface.o(i.all_init) refers to led.o(i.led_init) for led_init
    interface.o(i.all_init) refers to irctrol.o(i.IRCtrolInit) for IRCtrolInit
    interface.o(i.all_init) refers to timer.o(i.TIM2_Init) for TIM2_Init
    interface.o(i.all_init) refers to motor.o(i.motor_init) for motor_init
    interface.o(i.all_init) refers to oled_iic.o(i.OLED_Init) for OLED_Init
    interface.o(i.all_init) refers to oled_iic.o(i.OLED_Clear) for OLED_Clear
    interface.o(i.all_init) refers to search.o(i.search_init) for search_init
    interface.o(i.all_init) refers to obstacle_avoidance.o(i.obstacle_avoidance_init) for obstacle_avoidance_init
    interface.o(i.all_init) refers to speed_measurement.o(i.measure_init) for measure_init
    interface.o(i.all_init) refers to uart.o(i.USART3Conf) for USART3Conf
    interface.o(i.all_init) refers to oled_iic.o(i.OLED_ShowCH) for OLED_ShowCH
    interface.o(i.all_init) refers to oled_iic.o(i.OLED_ShowNum) for OLED_ShowNum
    interface.o(i.all_init) refers to steering_engine.o(i.ServoInit) for ServoInit
    interface.o(i.all_init) refers to ultrasonic.o(i.ultrasonic_init) for ultrasonic_init
    interface.o(i.all_init) refers to steering_engine.o(i.DuojiMid) for DuojiMid
    interface.o(i.all_init) refers to buzzer.o(i.buzzer_init) for buzzer_init
    interface.o(i.all_init) refers to battery_voltage.o(i.voltage_init) for voltage_init
    interface.o(i.all_init) refers to adc.o(i.adc1_init) for adc1_init
    interface.o(i.all_init) refers to uart2.o(i.Serial_Init) for Serial_Init
    interface.o(i.all_init) refers to speed_set.o(.data) for sudu
    interface.o(i.decode_choice) refers to irctrol.o(i.IRIntIsr) for IRIntIsr
    interface.o(i.decode_choice) refers to motor.o(i.CarGo) for CarGo
    interface.o(i.decode_choice) refers to motor.o(i.CarBack) for CarBack
    interface.o(i.decode_choice) refers to motor.o(i.CarLeft) for CarLeft
    interface.o(i.decode_choice) refers to motor.o(i.CarRight) for CarRight
    interface.o(i.decode_choice) refers to motor.o(i.CarStop) for CarStop
    interface.o(i.decode_choice) refers to stm32f10x_gpio.o(i.GPIO_ResetBits) for GPIO_ResetBits
    interface.o(i.decode_choice) refers to irctrol.o(.data) for ir_rec_flag
    interface.o(i.decode_choice) refers to uart.o(.data) for BT_flag
    interface.o(i.decode_choice) refers to motor.o(.data) for stop_display_flag
    interface.o(i.decode_choice) refers to obstacle_avoidance.o(.data) for obstacle_avoidance_flag
    interface.o(i.decode_choice) refers to search.o(.data) for search_flag
    interface.o(i.decode_choice) refers to speed_measurement.o(.data) for speed_measurement_flag
    interface.o(i.decode_choice) refers to ultrasonic.o(.data) for ultrasonic_flag
    interface.o(i.decode_choice) refers to buzzer.o(.data) for buzzer_flag
    interface.o(i.decode_choice) refers to battery_voltage.o(.data) for battery_voltage_flag
    interface.o(i.decode_choice) refers to speed_set.o(.data) for speed_and_flag
    interface.o(i.stop_choice) refers to led.o(i.led_colour_blue) for led_colour_blue
    interface.o(i.stop_choice) refers to ultrasonic.o(i.ultrasonic_display_execute) for ultrasonic_display_execute
    interface.o(i.stop_choice) refers to motor.o(i.CarStop) for CarStop
    interface.o(i.stop_choice) refers to speed_measurement.o(i.speed_measurement_display_execute) for speed_measurement_display_execute
[...]
    ../mathlib/fpclassify.c                  0x00000000   Number         0  fpclassify.o ABSOLUTE
    ..\Laasckp\IRCtrol.c                     0x00000000   Number         0  irctrol.o ABSOLUTE
    ..\Laasckp\adc.c                         0x00000000   Number         0  adc.o ABSOLUTE
    ..\Laasckp\battery_voltage.c             0x00000000   Number         0  battery_voltage.o ABSOLUTE
    ..\Laasckp\buzzer.c                      0x00000000   Number         0  buzzer.o ABSOLUTE
    ..\Laasckp\delay.c                       0x00000000   Number         0  delay.o ABSOLUTE
    ..\Laasckp\interface.c                   0x00000000   Number         0  interface.o ABSOLUTE
    ..\Laasckp\led.c                         0x00000000   Number         0  led.o ABSOLUTE
    ..\Laasckp\motor.c                       0x00000000   Number         0  motor.o ABSOLUTE
    ..\Laasckp\obstacle_avoidance.c          0x00000000   Number         0  obstacle_avoidance.o ABSOLUTE
    ..\Laasckp\oled_iic.c                    0x00000000   Number         0  oled_iic.o ABSOLUTE
    ..\Laasckp\search.c                      0x00000000   Number         0  search.o ABSOLUTE
    ..\Laasckp\speed_measurement.c           0x00000000   Number         0  speed_measurement.o ABSOLUTE
    ..\Laasckp\speed_set.c                   0x00000000   Number         0  speed_set.o ABSOLUTE
    ..\Laasckp\steering_engine.c             0x00000000   Number         0  steering_engine.o ABSOLUTE
    ..\Laasckp\sys.c                         0x00000000   Number         0  sys.o ABSOLUTE
    ..\Laasckp\timer.c                       0x00000000   Number         0  timer.o ABSOLUTE
    ..\Laasckp\uart.c                        0x00000000   Number         0  uart.o ABSOLUTE
    ..\Laasckp\ultrasonic.c                  0x00000000   Number         0  ultrasonic.o ABSOLUTE
    ..\Library\src\misc.c                    0x00000000   Number         0  misc.o ABSOLUTE
    ..\Library\src\stm32f10x_adc.c           0x00000000   Number         0  stm32f10x_adc.o ABSOLUTE
    ..\Library\src\stm32f10x_bkp.c           0x00000000   Number         0  stm32f10x_bkp.o ABSOLUTE
    ..\Library\src\stm32f10x_can.c           0x00000000   Number         0  stm32f10x_can.o ABSOLUTE
    ..\Library\src\stm32f10x_cec.c           0x00000000   Number         0  stm32f10x_cec.o ABSOLUTE
    ..\Library\src\stm32f10x_crc.c           0x00000000   Number         0  stm32f10x_crc.o ABSOLUTE
    ..\Library\src\stm32f10x_dac.c           0x00000000   Number         0  stm32f10x_dac.o ABSOLUTE
    ..\Library\src\stm32f10x_dbgmcu.c        0x00000000   Number         0  stm32f10x_dbgmcu.o ABSOLUTE
    ..\Library\src\stm32f10x_dma.c           0x00000000   Number         0  stm32f10x_dma.o ABSOLUTE
    ..\Library\src\stm32f10x_exti.c          0x00000000   Number         0  stm32f10x_exti.o ABSOLUTE
    ..\Library\src\stm32f10x_flash.c         0x00000000   Number         0  stm32f10x_flash.o ABSOLUTE
    ..\Library\src\stm32f10x_fsmc.c          0x00000000   Number         0  stm32f10x_fsmc.o ABSOLUTE
    ..\Library\src\stm32f10x_gpio.c          0x00000000   Number         0  stm32f10x_gpio.o ABSOLUTE
    ..\Library\src\stm32f10x_i2c.c           0x00000000   Number         0  stm32f10x_i2c.o ABSOLUTE
    ..\Library\src\stm32f10x_iwdg.c          0x00000000   Number         0  stm32f10x_iwdg.o ABSOLUTE
    ..\Library\src\stm32f10x_pwr.c           0x00000000   Number         0  stm32f10x_pwr.o ABSOLUTE
    ..\Library\src\stm32f10x_rcc.c           0x00000000   Number         0  stm32f10x_rcc.o ABSOLUTE
    ..\Library\src\stm32f10x_rtc.c           0x00000000   Number         0  stm32f10x_rtc.o ABSOLUTE
    ..\Library\src\stm32f10x_sdio.c          0x00000000   Number         0  stm32f10x_sdio.o ABSOLUTE
    ..\Library\src\stm32f10x_spi.c           0x00000000   Number         0  stm32f10x_spi.o ABSOLUTE
    ..\Library\src\stm32f10x_tim.c           0x00000000   Number         0  stm32f10x_tim.o ABSOLUTE
    ..\Library\src\stm32f10x_usart.c         0x00000000   Number         0  stm32f10x_usart.o ABSOLUTE
    ..\Library\src\stm32f10x_wwdg.c          0x00000000   Number         0  stm32f10x_wwdg.o ABSOLUTE
    ..\Startup\core_cm3.c                    0x00000000   Number         0  core_cm3.o ABSOLUTE
    ..\Startup\startup_stm32f10x_md.s        0x00000000   Number         0  startup_stm32f10x_md.o ABSOLUTE
    ..\Startup\system_stm32f10x.c            0x00000000   Number         0  system_stm32f10x.o ABSOLUTE
    ..\User\main.c                           0x00000000   Number         0  main.o ABSOLUTE
    ..\User\stm32f10x_it.c                   0x00000000   Number         0  stm32f10x_it.o ABSOLUTE
    ..\\Startup\\core_cm3.c                  0x00000000   Number         0  core_cm3.o ABSOLUTE
    dc.s                                     0x00000000   Number         0  dc.o ABSOLUTE
    uart2.c                                  0x00000000   Number         0  uart2.o ABSOLUTE
    RESET                                    0x08000000   Section      236  startup_stm32f10x_md.o(RESET)
    !!!main                                  0x080000ec   Section        8  __main.o(!!!main)
    !!!scatter                               0x080000f4   Section       52  __scatter.o(!!!scatter)
    !!dczerorl2                              0x08000128   Section       90  __dczerorl2.o(!!dczerorl2)
    !!handler_zi                             0x08000184   Section       28  __scatter_zi.o(!!handler_zi)
    .ARM.Collect$$libinit$$00000000          0x080001a0   Section        2  libinit.o(.ARM.Collect$$libinit$$00000000)
    .ARM.Collect$$libinit$$00000002          0x080001a2   Section        0  libinit2.o(.ARM.Collect$$libinit$$00000002)
    .ARM.Collect$$libinit$$00000004          0x080001a2   Section        0  libinit2.o(.ARM.Collect$$libinit$$00000004)
    .ARM.Collect$$libinit$$0000000A          0x080001a2   Section        0  libinit2.o(.ARM.Collect$$libinit$$0000000A)
    .ARM.Collect$$libinit$$0000000C          0x080001a2   Section        0  libinit2.o(.ARM.Collect$$libinit$$0000000C)
    .ARM.Collect$$libinit$$0000000E          0x080001a2   Section        0  libinit2.o(.ARM.Collect$$libinit$$0000000E)
    .ARM.Collect$$libinit$$0000000F          0x080001a2   Section        6  libinit2.o(.ARM.Collect$$libinit$$0000000F)
    .ARM.Collect$$libinit$$00000011          0x080001a8   Section        0  libinit2.o(.ARM.Collect$$libinit$$00000011)
    .ARM.Collect$$libinit$$00000012          0x080001a8   Section       12  libinit2.o(.ARM.Collect$$libinit$$00000012)
    .ARM.Collect$$libinit$$00000013          0x080001b4   Section        0  libinit2.o(.ARM.Collect$$libinit$$00000013)
    .ARM.Collect$$libinit$$00000015          0x080001b4   Section        0  libinit2.o(.ARM.Collect$$libinit$$00000015)
    .ARM.Collect$$libinit$$00000017          0x080001b4   Section        0  libinit2.o(.ARM.Collect$$libinit$$00000017)
    .ARM.Collect$$libinit$$00000019          0x080001b4   Section        0  libinit2.o(.ARM.Collect$$libinit$$00000019)
    .ARM.Collect$$libinit$$0000001B          0x080001b4   Section        0  libinit2.o(.ARM.Collect$$libinit$$0000001B)
    .ARM.Collect$$libinit$$0000001D          0x080001b4   Section        0  libinit2.o(.ARM.Collect$$libinit$$0000001D)
    .ARM.Collect$$libinit$$0000001F          0x080001b4   Section        0  libinit2.o(.ARM.Collect$$libinit$$0000001F)
    .ARM.Collect$$libinit$$00000021          0x080001b4   Section        0  libinit2.o(.ARM.Collect$$libinit$$00000021)
    .ARM.Collect$$libinit$$00000023          0x080001b4   Section        0  libinit2.o(.ARM.Collect$$libinit$$00000023)
    .ARM.Collect$$libinit$$00000025          0x080001b4   Section        0  libinit2.o(.ARM.Collect$$libinit$$00000025)
    .ARM.Collect$$libinit$$0000002C          0x080001b4   Section        0  libinit2.o(.ARM.Collect$$libinit$$0000002C)
    .ARM.Collect$$libinit$$0000002E          0x080001b4   Section        0  libinit2.o(.ARM.Collect$$libinit$$0000002E)
    .ARM.Collect$$libinit$$00000030          0x080001b4   Section        0  libinit2.o(.ARM.Collect$$libinit$$00000030)
    .ARM.Collect$$libinit$$00000032          0x080001b4   Section        0  libinit2.o(.ARM.Collect$$libinit$$00000032)
    .ARM.Collect$$libinit$$00000033          0x080001b4   Section        2  libinit2.o(.ARM.Collect$$libinit$$00000033)
    .ARM.Collect$$libshutdown$$00000000      0x080001b6   Section        2  libshutdown.o(.ARM.Collect$$libshutdown$$00000000)
    .ARM.Collect$$libshutdown$$00000003      0x080001b8   Section        0  libshutdown2.o(.ARM.Collect$$libshutdown$$00000003)
    .ARM.Collect$$libshutdown$$00000006      0x080001b8   Section        0  libshutdown2.o(.ARM.Collect$$libshutdown$$00000006)
    .ARM.Collect$$libshutdown$$00000009      0x080001b8   Section        0  libshutdown2.o(.ARM.Collect$$libshutdown$$00000009)
    .ARM.Collect$$libshutdown$$0000000B      0x080001b8   Section        0  libshutdown2.o(.ARM.Collect$$libshutdown$$0000000B)
    .ARM.Collect$$libshutdown$$0000000E      0x080001b8   Section        0  libshutdown2.o(.ARM.Collect$$libshutdown$$0000000E)
    .ARM.Collect$$libshutdown$$0000000F      0x080001b8   Section        2  libshutdown2.o(.ARM.Collect$$libshutdown$$0000000F)
    .ARM.Collect$$rtentry$$00000000          0x080001ba   Section        0  __rtentry.o(.ARM.Collect$$rtentry$$00000000)
    .ARM.Collect$$rtentry$$00000002          0x080001ba   Section        0  __rtentry2.o(.ARM.Collect$$rtentry$$00000002)
    .ARM.Collect$$rtentry$$00000004          0x080001ba   Section        6  __rtentry4.o(.ARM.Collect$$rtentry$$00000004)
    .ARM.Collect$$rtentry$$00000009          0x080001c0   Section        0  __rtentry2.o(.ARM.Collect$$rtentry$$00000009)
    .ARM.Collect$$rtentry$$0000000A          0x080001c0   Section        4  __rtentry2.o(.ARM.Collect$$rtentry$$0000000A)
    .ARM.Collect$$rtentry$$0000000C          0x080001c4   Section        0  __rtentry2.o(.ARM.Collect$$rtentry$$0000000C)
    .ARM.Collect$$rtentry$$0000000D          0x080001c4   Section        8  __rtentry2.o(.ARM.Collect$$rtentry$$0000000D)
    .ARM.Collect$$rtexit$$00000000           0x080001cc   Section        2  rtexit.o(.ARM.Collect$$rtexit$$00000000)
    .ARM.Collect$$rtexit$$00000002           0x080001ce   Section        0  rtexit2.o(.ARM.Collect$$rtexit$$00000002)
    .ARM.Collect$$rtexit$$00000003           0x080001ce   Section        4  rtexit2.o(.ARM.Collect$$rtexit$$00000003)
    .ARM.Collect$$rtexit$$00000004           0x080001d2   Section        6  rtexit2.o(.ARM.Collect$$rtexit$$00000004)
    .text                                    0x080001d8   Section       64  startup_stm32f10x_md.o(.text)
    .text                                    0x08000218   Section        0  atoi.o(.text)
    .text                                    0x08000232   Section        0  strchr.o(.text)
    .text                                    0x08000246   Section        0  heapauxi.o(.text)
    .text                                    0x0800024c   Section        8  rt_errno_addr_intlibspace.o(.text)
    .text                                    0x08000254   Section        0  strtol.o(.text)
    .text                                    0x080002c4   Section        8  libspace.o(.text)
    .text                                    0x080002cc   Section       16  rt_ctype_table.o(.text)
    .text                                    0x080002dc   Section        0  _strtoul.o(.text)
    .text                                    0x0800037a   Section       74  sys_stackheap_outer.o(.text)
    .text                                    0x080003c4   Section        8  rt_locale_intlibspace.o(.text)
    .text                                    0x080003cc   Section        0  _chval.o(.text)
    .text                                    0x080003e8   Section        0  exit.o(.text)
    .text                                    0x080003f4   Section      128  strcmpv7m.o(.text)
    .text                                    0x08000474   Section        0  sys_exit.o(.text)
    .text                                    0x08000480   Section        2  use_no_semi.o(.text)
    .text                                    0x08000482   Section        0  indicate_semi.o(.text)
    i.ADC_Cmd                                0x08000482   Section        0  stm32f10x_adc.o(i.ADC_Cmd)
    i.ADC_DeInit                             0x08000498   Section        0  stm32f10x_adc.o(i.ADC_DeInit)
    i.ADC_GetCalibrationStatus               0x080004f4   Section        0  stm32f10x_adc.o(i.ADC_GetCalibrationStatus)
    i.ADC_GetResetCalibrationStatus          0x08000508   Section        0  stm32f10x_adc.o(i.ADC_GetResetCalibrationStatus)
    i.ADC_Init                               0x0800051c   Section        0  stm32f10x_adc.o(i.ADC_Init)
    i.ADC_ResetCalibration                   0x0800056c   Section        0  stm32f10x_adc.o(i.ADC_ResetCalibration)
    i.ADC_StartCalibration                   0x08000576   Section        0  stm32f10x_adc.o(i.ADC_StartCalibration)
    i.BusFault_Handler                       0x08000580   Section        0  stm32f10x_it.o(i.BusFault_Handler)
    i.CarMove                                0x08000584   Section        0  motor.o(i.CarMove)
    i.CarStop                                0x080006d0   Section        0  motor.o(i.CarStop)
    i.DebugMon_Handler                       0x080006e4   Section        0  stm32f10x_it.o(i.DebugMon_Handler)
    i.DuojiMid                               0x080006e8   Section        0  steering_engine.o(i.DuojiMid)
    i.EXTI15_10_IRQHandler                   0x080006fc   Section        0  stm32f10x_it.o(i.EXTI15_10_IRQHandler)
    i.EXTI_ClearITPendingBit                 0x0800071c   Section        0  stm32f10x_exti.o(i.EXTI_ClearITPendingBit)
    i.EXTI_GetITStatus                       0x08000728   Section        0  stm32f10x_exti.o(i.EXTI_GetITStatus)
    i.EXTI_Init                              0x08000750   Section        0  stm32f10x_exti.o(i.EXTI_Init)
    i.GB16_NUM                               0x080007e4   Section        0  oled_iic.o(i.GB16_NUM)
    i.GPIO_EXTILineConfig                    0x080007fc   Section        0  stm32f10x_gpio.o(i.GPIO_EXTILineConfig)
    i.GPIO_Init                              0x0800083c   Section        0  stm32f10x_gpio.o(i.GPIO_Init)
    i.GPIO_ReadInputDataBit                  0x08000952   Section        0  stm32f10x_gpio.o(i.GPIO_ReadInputDataBit)
    i.GPIO_ResetBits                         0x08000964   Section        0  stm32f10x_gpio.o(i.GPIO_ResetBits)
    i.GPIO_SetBits                           0x08000968   Section        0  stm32f10x_gpio.o(i.GPIO_SetBits)
    i.GPIO_clock_init                        0x0800096c   Section        0  interface.o(i.GPIO_clock_init)
    i.HardFault_Handler                      0x08000988   Section        0  stm32f10x_it.o(i.HardFault_Handler)
    i.IIC_Delay                              0x0800098c   Section        0  oled_iic.o(i.IIC_Delay)
    IIC_Delay                                0x0800098d   Thumb Code    14  oled_iic.o(i.IIC_Delay)
    i.IIC_GPIO_Config                        0x0800099c   Section        0  oled_iic.o(i.IIC_GPIO_Config)
    i.IIC_Start                              0x080009d8   Section        0  oled_iic.o(i.IIC_Start)
    i.IIC_Stop                               0x08000a0c   Section        0  oled_iic.o(i.IIC_Stop)
    i.IIC_WaitAck                            0x08000a30   Section        0  oled_iic.o(i.IIC_WaitAck)
    i.IRCtrolInit                            0x08000a74   Section        0  irctrol.o(i.IRCtrolInit)
    i.MemManage_Handler                      0x08000ae8   Section        0  stm32f10x_it.o(i.MemManage_Handler)
    i.MotorGPIO_Configuration                0x08000aec   Section        0  motor.o(i.MotorGPIO_Configuration)
    i.NMI_Handler                            0x08000b3c   Section        0  stm32f10x_it.o(i.NMI_Handler)
    i.NVIC_Init                              0x08000b40   Section        0  misc.o(i.NVIC_Init)
    i.NVIC_PriorityGroupConfig               0x08000bb0   Section        0  misc.o(i.NVIC_PriorityGroupConfig)
    i.NVIC_TIM2Configuration                 0x08000bc4   Section        0  timer.o(i.NVIC_TIM2Configuration)
    NVIC_TIM2Configuration                   0x08000bc5   Thumb Code    32  timer.o(i.NVIC_TIM2Configuration)
    i.OLED_Clear                             0x08000be4   Section        0  oled_iic.o(i.OLED_Clear)
    i.OLED_Fill                              0x08000bee   Section        0  oled_iic.o(i.OLED_Fill)
    i.OLED_Init                              0x08000c28   Section        0  oled_iic.o(i.OLED_Init)
    i.OLED_Set_Pos                           0x08000ce0   Section        0  oled_iic.o(i.OLED_Set_Pos)
    i.OLED_ShowCH                            0x08000d10   Section        0  oled_iic.o(i.OLED_ShowCH)
    i.OLED_ShowChar                          0x08000e40   Section        0  oled_iic.o(i.OLED_ShowChar)
    i.OLED_ShowNum                           0x08000eac   Section        0  oled_iic.o(i.OLED_ShowNum)
    i.PendSV_Handler                         0x08000f3c   Section        0  stm32f10x_it.o(i.PendSV_Handler)
    i.RCC_ADCCLKConfig                       0x08000f40   Section        0  stm32f10x_rcc.o(i.RCC_ADCCLKConfig)
    i.RCC_APB1PeriphClockCmd                 0x08000f58   Section        0  stm32f10x_rcc.o(i.RCC_APB1PeriphClockCmd)
    i.RCC_APB2PeriphClockCmd                 0x08000f78   Section        0  stm32f10x_rcc.o(i.RCC_APB2PeriphClockCmd)
    i.RCC_APB2PeriphResetCmd                 0x08000f98   Section        0  stm32f10x_rcc.o(i.RCC_APB2PeriphResetCmd)
    i.RCC_GetClocksFreq                      0x08000fb8   Section        0  stm32f10x_rcc.o(i.RCC_GetClocksFreq)
    i.SVC_Handler                            0x0800108c   Section        0  stm32f10x_it.o(i.SVC_Handler)
    i.Serial_Init                            0x08001090   Section        0  uart2.o(i.Serial_Init)
    i.ServoInit                              0x08001148   Section        0  steering_engine.o(i.ServoInit)
    i.SetSysClock                            0x08001174   Section        0  system_stm32f10x.o(i.SetSysClock)
    SetSysClock                              0x08001175   Thumb Code     8  system_stm32f10x.o(i.SetSysClock)
    i.SetSysClockTo72                        0x0800117c   Section        0  system_stm32f10x.o(i.SetSysClockTo72)
    SetSysClockTo72                          0x0800117d   Thumb Code   214  system_stm32f10x.o(i.SetSysClockTo72)
    i.SysTick_Handler                        0x0800125c   Section        0  stm32f10x_it.o(i.SysTick_Handler)
    i.SystemInit                             0x08001260   Section        0  system_stm32f10x.o(i.SystemInit)
    i.TIM2_IRQHandler                        0x080012c0   Section        0  timer.o(i.TIM2_IRQHandler)
    i.TIM2_Init                              0x0800145c   Section        0  timer.o(i.TIM2_Init)
    i.TIM_ClearITPendingBit                  0x080014a6   Section        0  stm32f10x_tim.o(i.TIM_ClearITPendingBit)
    i.TIM_Cmd                                0x080014ac   Section        0  stm32f10x_tim.o(i.TIM_Cmd)
    i.TIM_GetITStatus                        0x080014c4   Section        0  stm32f10x_tim.o(i.TIM_GetITStatus)
    i.TIM_ITConfig                           0x080014e6   Section        0  stm32f10x_tim.o(i.TIM_ITConfig)
    i.TIM_TimeBaseInit                       0x080014f8   Section        0  stm32f10x_tim.o(i.TIM_TimeBaseInit)
    i.Time3Init                              0x0800159c   Section        0  irctrol.o(i.Time3Init)
    i.Time4Init                              0x080015c8   Section        0  ultrasonic.o(i.Time4Init)
    i.USART1_IRQHandler                      0x080015f4   Section        0  uart2.o(i.USART1_IRQHandler)
    i.USART3Conf                             0x0800167c   Section        0  uart.o(i.USART3Conf)
    i.USART3_IRQHandler                      0x08001738   Section        0  uart.o(i.USART3_IRQHandler)
    i.USART_ClearFlag                        0x080017e8   Section        0  stm32f10x_usart.o(i.USART_ClearFlag)
    i.USART_ClearITPendingBit                0x080017fa   Section        0  stm32f10x_usart.o(i.USART_ClearITPendingBit)
    i.USART_Cmd                              0x08001818   Section        0  stm32f10x_usart.o(i.USART_Cmd)
    i.USART_GetITStatus                      0x08001830   Section        0  stm32f10x_usart.o(i.USART_GetITStatus)
    i.USART_ITConfig                         0x08001884   Section        0  stm32f10x_usart.o(i.USART_ITConfig)
    i.USART_Init                             0x080018d0   Section        0  stm32f10x_usart.o(i.USART_Init)
    i.USART_ReceiveData                      0x080019a8   Section        0  stm32f10x_usart.o(i.USART_ReceiveData)
    i.UsageFault_Handler                     0x080019b2   Section        0  stm32f10x_it.o(i.UsageFault_Handler)
    i.Write_IIC_Byte                         0x080019b8   Section        0  oled_iic.o(i.Write_IIC_Byte)
    i.Write_IIC_Command                      0x08001a10   Section        0  oled_iic.o(i.Write_IIC_Command)
    i.Write_IIC_Data                         0x08001a3c   Section        0  oled_iic.o(i.Write_IIC_Data)
    i.adc1_init                              0x08001a68   Section        0  adc.o(i.adc1_init)
    i.all_init                               0x08001adc   Section        0  interface.o(i.all_init)
    i.buzzer_init                            0x08001b84   Section        0  buzzer.o(i.buzzer_init)
    i.delay_init                             0x08001bb4   Section        0  delay.o(i.delay_init)
    i.delay_ms                               0x08001bc6   Section        0  delay.o(i.delay_ms)
    i.delay_us                               0x08001bde   Section        0  delay.o(i.delay_us)
    i.led_init                               0x08001c10   Section        0  led.o(i.led_init)
    i.main                                   0x08001c8c   Section        0  main.o(i.main)
    i.measure_init                           0x08001d84   Section        0  speed_measurement.o(i.measure_init)
    i.measure_speed                          0x08001da4   Section        0  speed_measurement.o(i.measure_speed)
    i.motor_init                             0x08001e60   Section        0  motor.o(i.motor_init)
    i.obstacle_avoidance_init                0x08001e90   Section        0  obstacle_avoidance.o(i.obstacle_avoidance_init)
    i.oled_pow                               0x08001ec4   Section        0  oled_iic.o(i.oled_pow)
    i.search_init                            0x08001edc   Section        0  search.o(i.search_init)
    i.ultrasonic_init                        0x08001f0c   Section        0  ultrasonic.o(i.ultrasonic_init)
    i.voltage_init                           0x08001fa4   Section        0  battery_voltage.o(i.voltage_init)
    locale$$code                             0x08001fc0   Section       44  lc_ctype_c.o(locale$$code)
    x$fpl$dadd                               0x08001fec   Section      336  daddsub_clz.o(x$fpl$dadd)
    _dadd1                                   0x08001ffd   Thumb Code     0  daddsub_clz.o(x$fpl$dadd)
    x$fpl$dfixu                              0x0800213c   Section       90  dfixu.o(x$fpl$dfixu)
    x$fpl$dfltu                              0x08002196   Section       38  dflt_clz.o(x$fpl$dfltu)
    x$fpl$dmul                               0x080021bc   Section      340  dmul.o(x$fpl$dmul)
    x$fpl$dnaninf                            0x08002310   Section      156  dnaninf.o(x$fpl$dnaninf)
    x$fpl$dretinf                            0x080023ac   Section       12  dretinf.o(x$fpl$dretinf)
    x$fpl$dsub                               0x080023b8   Section      468  daddsub_clz.o(x$fpl$dsub)
    _dsub1                                   0x080023c9   Thumb Code     0  daddsub_clz.o(x$fpl$dsub)
    x$fpl$fadd                               0x0800258c   Section      196  faddsub_clz.o(x$fpl$fadd)
    _fadd1                                   0x0800259b   Thumb Code     0  faddsub_clz.o(x$fpl$fadd)
    x$fpl$fcmpinf                            0x08002650   Section       24  fcmpi.o(x$fpl$fcmpinf)
    x$fpl$feqf                               0x08002668   Section      104  feqf.o(x$fpl$feqf)
    x$fpl$ffix                               0x080026d0   Section       54  ffix.o(x$fpl$ffix)
    x$fpl$ffixu                              0x08002708   Section       62  ffixu.o(x$fpl$ffixu)
    x$fpl$fflt                               0x08002748   Section       48  fflt_clz.o(x$fpl$fflt)
    x$fpl$fleqf                              0x08002778   Section      104  fleqf.o(x$fpl$fleqf)
    x$fpl$fnaninf                            0x080027e0   Section      140  fnaninf.o(x$fpl$fnaninf)
    x$fpl$fretinf                            0x0800286c   Section       10  fretinf.o(x$fpl$fretinf)
    x$fpl$frleqf                             0x08002876   Section       98  frleqf.o(x$fpl$frleqf)
    x$fpl$fsub                               0x080028d8   Section      234  faddsub_clz.o(x$fpl$fsub)
    _fsub1                                   0x080028e7   Thumb Code     0  faddsub_clz.o(x$fpl$fsub)
    x$fpl$usenofp                            0x080029c2   Section        0  usenofp.o(x$fpl$usenofp)
    locale$$data                             0x080029e4   Section      272  lc_ctype_c.o(locale$$data)
    __lcctype_c_name                         0x080029e8   Data           2  lc_ctype_c.o(locale$$data)
    __lcctype_c_start                        0x080029f0   Data           0  lc_ctype_c.o(locale$$data)
    __lcctype_c_end                          0x08002af4   Data           0  lc_ctype_c.o(locale$$data)
    .data                                    0x20000000   Section        7  irctrol.o(.data)
    .data                                    0x20000008   Section       32  motor.o(.data)
    ControlVelocityA                         0x2000001c   Data           4  motor.o(.data)
    Last_biasA                               0x20000020   Data           4  motor.o(.data)
    Last_Last_biasA                          0x20000024   Data           4  motor.o(.data)
    .data                                    0x20000028   Section     4824  oled_iic.o(.data)
    .data                                    0x20001300   Section        3  speed_set.o(.data)
    .data                                    0x20001304   Section        8  steering_engine.o(.data)
    .data                                    0x2000130c   Section        8  timer.o(.data)
    .data                                    0x20001314   Section        2  obstacle_avoidance.o(.data)
    .data                                    0x20001318   Section       20  uart.o(.data)
    .data                                    0x2000132c   Section        2  search.o(.data)
    .data                                    0x20001330   Section       31  speed_measurement.o(.data)
    speed_io_contrast                        0x2000133c   Data           4  speed_measurement.o(.data)
    .data                                    0x20001350   Section       28  ultrasonic.o(.data)
    ultick_5ms                               0x20001354   Data           4  ultrasonic.o(.data)
    .data                                    0x2000136c   Section        8  uart2.o(.data)
    .data                                    0x20001374   Section       20  stm32f10x_rcc.o(.data)
    APBAHBPrescTable                         0x20001374   Data          16  stm32f10x_rcc.o(.data)
    ADCPrescTable                            0x20001384   Data           4  stm32f10x_rcc.o(.data)
    .bss                                     0x20001388   Section      256  uart.o(.bss)
    .bss                                     0x20001488   Section      164  uart2.o(.bss)
    .bss                                     0x2000152c   Section       96  libspace.o(.bss)
    HEAP                                     0x20001590   Section      512  startup_stm32f10x_md.o(HEAP)
    Heap_Mem                                 0x20001590   Data         512  startup_stm32f10x_md.o(HEAP)
    STACK                                    0x20001790   Section     1024  startup_stm32f10x_md.o(STACK)
    Stack_Mem                                0x20001790   Data        1024  startup_stm32f10x_md.o(STACK)
    __initial_sp                             0x20001b90   Data           0  startup_stm32f10x_md.o(STACK)

    Global Symbols

    Symbol Name                              Value     Ov Type        Size  Object(Section)

    BuildAttributes$$THM_ISAv4$P$D$K$B$S$PE$A:L22UL41UL21$X:L11$S22US41US21$IEEE1$IW$USESV6$~STKCKD$USESV7$~SHL$OTIME$ROPI$IEEEJ$EBA8$UX$STANDARDLIB$REQ8$PRES8$EABIv2 0x00000000   Number         0  anon$$obj.o ABSOLUTE
    __ARM_use_no_argv                        0x00000000   Number         0  main.o ABSOLUTE
    _printf_flags                            0x00000000   Number         0  printf_stubs.o ABSOLUTE
    _printf_return_value                     0x00000000   Number         0  printf_stubs.o ABSOLUTE
    _printf_sizespec                         0x00000000   Number         0  printf_stubs.o ABSOLUTE
    _printf_widthprec                        0x00000000   Number         0  printf_stubs.o ABSOLUTE
    __ARM_exceptions_init                     - Undefined Weak Reference
    __alloca_initialize                       - Undefined Weak Reference
    __arm_preinit_                            - Undefined Weak Reference
    __cpp_initialize__aeabi_                  - Undefined Weak Reference
    __cxa_finalize                            - Undefined Weak Reference
    __sigvec_lookup                           - Undefined Weak Reference
    _atexit_init                              - Undefined Weak Reference
    _call_atexit_fns                          - Undefined Weak Reference
    _clock_init                               - Undefined Weak Reference
    _fp_trap_init                             - Undefined Weak Reference
    _fp_trap_shutdown                         - Undefined Weak Reference
    _get_lc_collate                           - Undefined Weak Reference
    _get_lc_monetary                          - Undefined Weak Reference
    _get_lc_time                              - Undefined Weak Reference
    _getenv_init                              - Undefined Weak Reference
    _handle_redirection                       - Undefined Weak Reference
    _init_alloc                               - Undefined Weak Reference
    _init_user_alloc                          - Undefined Weak Reference
    _initio                                   - Undefined Weak Reference
    _printf_mbtowc                            - Undefined Weak Reference
    _printf_wc                                - Undefined Weak Reference
    _rand_init                                - Undefined Weak Reference
    _signal_finish                            - Undefined Weak Reference
    _signal_init                              - Undefined Weak Reference
    _terminate_alloc                          - Undefined Weak Reference
    _terminate_user_alloc                     - Undefined Weak Reference
    _terminateio                              - Undefined Weak Reference
    __Vectors_Size                           0x000000ec   Number         0  startup_stm32f10x_md.o ABSOLUTE
    __Vectors                                0x08000000   Data           4  startup_stm32f10x_md.o(RESET)
    __Vectors_End                            0x080000ec   Data           0  startup_stm32f10x_md.o(RESET)
    __main                                   0x080000ed   Thumb Code     8  __main.o(!!!main)
    __scatterload                            0x080000f5   Thumb Code     0  __scatter.o(!!!scatter)
    __scatterload_rt2                        0x080000f5   Thumb Code    44  __scatter.o(!!!scatter)
    __scatterload_rt2_thumb_only             0x080000f5   Thumb Code     0  __scatter.o(!!!scatter)
    __scatterload_null                       0x08000103   Thumb Code     0  __scatter.o(!!!scatter)
    __decompress                             0x08000129   Thumb Code    90  __dczerorl2.o(!!dczerorl2)
    __decompress1                            0x08000129   Thumb Code     0  __dczerorl2.o(!!dczerorl2)
    __scatterload_zeroinit                   0x08000185   Thumb Code    28  __scatter_zi.o(!!handler_zi)
    __rt_lib_init                            0x080001a1   Thumb Code     0  libinit.o(.ARM.Collect$$libinit$$00000000)
    __rt_lib_init_fp_1                       0x080001a3   Thumb Code     0  libinit2.o(.ARM.Collect$$libinit$$00000002)
    __rt_lib_init_heap_1                     0x080001a3   Thumb Code     0  libinit2.o(.ARM.Collect$$libinit$$0000000A)
    __rt_lib_init_lc_common                  0x080001a3   Thumb Code     0  libinit2.o(.ARM.Collect$$libinit$$0000000F)
    __rt_lib_init_preinit_1                  0x080001a3   Thumb Code     0  libinit2.o(.ARM.Collect$$libinit$$00000004)
    __rt_lib_init_rand_1                     0x080001a3   Thumb Code     0  libinit2.o(.ARM.Collect$$libinit$$0000000E)
    __rt_lib_init_user_alloc_1               0x080001a3   Thumb Code     0  libinit2.o(.ARM.Collect$$libinit$$0000000C)
    __rt_lib_init_lc_collate_1               0x080001a9   Thumb Code     0  libinit2.o(.ARM.Collect$$libinit$$00000011)
    __rt_lib_init_lc_ctype_2                 0x080001a9   Thumb Code     0  libinit2.o(.ARM.Collect$$libinit$$00000012)
    __rt_lib_init_alloca_1                   0x080001b5   Thumb Code     0  libinit2.o(.ARM.Collect$$libinit$$0000002E)
    __rt_lib_init_argv_1                     0x080001b5   Thumb Code     0  libinit2.o(.ARM.Collect$$libinit$$0000002C)
    __rt_lib_init_atexit_1                   0x080001b5   Thumb Code     0  libinit2.o(.ARM.Collect$$libinit$$0000001B)
    __rt_lib_init_clock_1                    0x080001b5   Thumb Code     0  libinit2.o(.ARM.Collect$$libinit$$00000021)
    __rt_lib_init_cpp_1                      0x080001b5   Thumb Code     0  libinit2.o(.ARM.Collect$$libinit$$00000032)
    __rt_lib_init_exceptions_1               0x080001b5   Thumb Code     0  libinit2.o(.ARM.Collect$$libinit$$00000030)
    __rt_lib_init_fp_trap_1                  0x080001b5   Thumb Code     0  libinit2.o(.ARM.Collect$$libinit$$0000001F)
    __rt_lib_init_getenv_1                   0x080001b5   Thumb Code     0  libinit2.o(.ARM.Collect$$libinit$$00000023)
    __rt_lib_init_lc_ctype_1                 0x080001b5   Thumb Code     0  libinit2.o(.ARM.Collect$$libinit$$00000013)
    __rt_lib_init_lc_monetary_1              0x080001b5   Thumb Code     0  libinit2.o(.ARM.Collect$$libinit$$00000015)
    __rt_lib_init_lc_numeric_1               0x080001b5   Thumb Code     0  libinit2.o(.ARM.Collect$$libinit$$00000017)
    __rt_lib_init_lc_time_1                  0x080001b5   Thumb Code     0  libinit2.o(.ARM.Collect$$libinit$$00000019)
    __rt_lib_init_return                     0x080001b5   Thumb Code     0  libinit2.o(.ARM.Collect$$libinit$$00000033)
    __rt_lib_init_signal_1                   0x080001b5   Thumb Code     0  libinit2.o(.ARM.Collect$$libinit$$0000001D)
    __rt_lib_init_stdio_1                    0x080001b5   Thumb Code     0  libinit2.o(.ARM.Collect$$libinit$$00000025)
    __rt_lib_shutdown                        0x080001b7   Thumb Code     0  libshutdown.o(.ARM.Collect$$libshutdown$$00000000)
    __rt_lib_shutdown_fp_trap_1              0x080001b9   Thumb Code     0  libshutdown2.o(.ARM.Collect$$libshutdown$$00000006)
    __rt_lib_shutdown_heap_1                 0x080001b9   Thumb Code     0  libshutdown2.o(.ARM.Collect$$libshutdown$$0000000E)
    __rt_lib_shutdown_return                 0x080001b9   Thumb Code     0  libshutdown2.o(.ARM.Collect$$libshutdown$$0000000F)
    __rt_lib_shutdown_signal_1               0x080001b9   Thumb Code     0  libshutdown2.o(.ARM.Collect$$libshutdown$$00000009)
    __rt_lib_shutdown_stdio_1                0x080001b9   Thumb Code     0  libshutdown2.o(.ARM.Collect$$libshutdown$$00000003)
    __rt_lib_shutdown_user_alloc_1           0x080001b9   Thumb Code     0  libshutdown2.o(.ARM.Collect$$libshutdown$$0000000B)
    __rt_entry                               0x080001bb   Thumb Code     0  __rtentry.o(.ARM.Collect$$rtentry$$00000000)
    __rt_entry_presh_1                       0x080001bb   Thumb Code     0  __rtentry2.o(.ARM.Collect$$rtentry$$00000002)
    __rt_entry_sh                            0x080001bb   Thumb Code     0  __rtentry4.o(.ARM.Collect$$rtentry$$00000004)
    __rt_entry_li                            0x080001c1   Thumb Code     0  __rtentry2.o(.ARM.Collect$$rtentry$$0000000A)
    __rt_entry_postsh_1                      0x080001c1   Thumb Code     0  __rtentry2.o(.ARM.Collect$$rtentry$$00000009)
    __rt_entry_main                          0x080001c5   Thumb Code     0  __rtentry2.o(.ARM.Collect$$rtentry$$0000000D)
    __rt_entry_postli_1                      0x080001c5   Thumb Code     0  __rtentry2.o(.ARM.Collect$$rtentry$$0000000C)
    __rt_exit                                0x080001cd   Thumb Code     0  rtexit.o(.ARM.Collect$$rtexit$$00000000)
    __rt_exit_ls                             0x080001cf   Thumb Code     0  rtexit2.o(.ARM.Collect$$rtexit$$00000003)
    __rt_exit_prels_1                        0x080001cf   Thumb Code     0  rtexit2.o(.ARM.Collect$$rtexit$$00000002)
    __rt_exit_exit                           0x080001d3   Thumb Code     0  rtexit2.o(.ARM.Collect$$rtexit$$00000004)
    Reset_Handler                            0x080001d9   Thumb Code     8  startup_stm32f10x_md.o(.text)
    ADC1_2_IRQHandler                        0x080001f3   Thumb Code     0  startup_stm32f10x_md.o(.text)
    CAN1_RX1_IRQHandler                      0x080001f3   Thumb Code     0  startup_stm32f10x_md.o(.text)
    CAN1_SCE_IRQHandler                      0x080001f3   Thumb Code     0  startup_stm32f10x_md.o(.text)
    DMA1_Channel1_IRQHandler                 0x080001f3   Thumb Code     0  startup_stm32f10x_md.o(.text)
    DMA1_Channel2_IRQHandler                 0x080001f3   Thumb Code     0  startup_stm32f10x_md.o(.text)
    DMA1_Channel3_IRQHandler                 0x080001f3   Thumb Code     0  startup_stm32f10x_md.o(.text)
    DMA1_Channel4_IRQHandler                 0x080001f3   Thumb Code     0  startup_stm32f10x_md.o(.text)
    DMA1_Channel5_IRQHandler                 0x080001f3   Thumb Code     0  startup_stm32f10x_md.o(.text)
    DMA1_Channel6_IRQHandler                 0x080001f3   Thumb Code     0  startup_stm32f10x_md.o(.text)
    DMA1_Channel7_IRQHandler                 0x080001f3   Thumb Code     0  startup_stm32f10x_md.o(.text)
    EXTI0_IRQHandler                         0x080001f3   Thumb Code     0  startup_stm32f10x_md.o(.text)
    EXTI1_IRQHandler                         0x080001f3   Thumb Code     0  startup_stm32f10x_md.o(.text)
    EXTI2_IRQHandler                         0x080001f3   Thumb Code     0  startup_stm32f10x_md.o(.text)
    EXTI3_IRQHandler                         0x080001f3   Thumb Code     0  startup_stm32f10x_md.o(.text)
    EXTI4_IRQHandler                         0x080001f3   Thumb Code     0  startup_stm32f10x_md.o(.text)
    EXTI9_5_IRQHandler                       0x080001f3   Thumb Code     0  startup_stm32f10x_md.o(.text)
    FLASH_IRQHandler                         0x080001f3   Thumb Code     0  startup_stm32f10x_md.o(.text)
    I2C1_ER_IRQHandler                       0x080001f3   Thumb Code     0  startup_stm32f10x_md.o(.text)
    I2C1_EV_IRQHandler                       0x080001f3   Thumb Code     0  startup_stm32f10x_md.o(.text)
    I2C2_ER_IRQHandler                       0x080001f3   Thumb Code     0  startup_stm32f10x_md.o(.text)
    I2C2_EV_IRQHandler                       0x080001f3   Thumb Code     0  startup_stm32f10x_md.o(.text)
    PVD_IRQHandler                           0x080001f3   Thumb Code     0  startup_stm32f10x_md.o(.text)
    RCC_IRQHandler                           0x080001f3   Thumb Code     0  startup_stm32f10x_md.o(.text)
    RTCAlarm_IRQHandler                      0x080001f3   Thumb Code     0  startup_stm32f10x_md.o(.text)
    RTC_IRQHandler                           0x080001f3   Thumb Code     0  startup_stm32f10x_md.o(.text)
    SPI1_IRQHandler                          0x080001f3   Thumb Code     0  startup_stm32f10x_md.o(.text)
    SPI2_IRQHandler                          0x080001f3   Thumb Code     0  startup_stm32f10x_md.o(.text)
    TAMPER_IRQHandler                        0x080001f3   Thumb Code     0  startup_stm32f10x_md.o(.text)
    TIM1_BRK_IRQHandler                      0x080001f3   Thumb Code     0  startup_stm32f10x_md.o(.text)
    TIM1_CC_IRQHandler                       0x080001f3   Thumb Code     0  startup_stm32f10x_md.o(.text)
    TIM1_TRG_COM_IRQHandler                  0x080001f3   Thumb Code     0  startup_stm32f10x_md.o(.text)
    TIM1_UP_IRQHandler                       0x080001f3   Thumb Code     0  startup_stm32f10x_md.o(.text)
    TIM3_IRQHandler                          0x080001f3   Thumb Code     0  startup_stm32f10x_md.o(.text)
    TIM4_IRQHandler                          0x080001f3   Thumb Code     0  startup_stm32f10x_md.o(.text)
    USART2_IRQHandler                        0x080001f3   Thumb Code     0  startup_stm32f10x_md.o(.text)
    USBWakeUp_IRQHandler                     0x080001f3   Thumb Code     0  startup_stm32f10x_md.o(.text)
    USB_HP_CAN1_TX_IRQHandler                0x080001f3   Thumb Code     0  startup_stm32f10x_md.o(.text)
    USB_LP_CAN1_RX0_IRQHandler               0x080001f3   Thumb Code     0  startup_stm32f10x_md.o(.text)
    WWDG_IRQHandler                          0x080001f3   Thumb Code     0  startup_stm32f10x_md.o(.text)
    __user_initial_stackheap                 0x080001f5   Thumb Code     0  startup_stm32f10x_md.o(.text)
    atoi                                     0x08000219   Thumb Code    26  atoi.o(.text)
    strchr                                   0x08000233   Thumb Code    20  strchr.o(.text)
    __use_two_region_memory                  0x08000247   Thumb Code     2  heapauxi.o(.text)
    __rt_heap_escrow$2region                 0x08000249   Thumb Code     2  heapauxi.o(.text)
    __rt_heap_expand$2region                 0x0800024b   Thumb Code     2  heapauxi.o(.text)
    __aeabi_errno_addr                       0x0800024d   Thumb Code     8  rt_errno_addr_intlibspace.o(.text)
    __errno$intlibspace                      0x0800024d   Thumb Code     0  rt_errno_addr_intlibspace.o(.text)
    __rt_errno_addr$intlibspace              0x0800024d   Thumb Code     0  rt_errno_addr_intlibspace.o(.text)
    strtol                                   0x08000255   Thumb Code   112  strtol.o(.text)
    __user_libspace                          0x080002c5   Thumb Code     8  libspace.o(.text)
    __user_perproc_libspace                  0x080002c5   Thumb Code     0  libspace.o(.text)
    __user_perthread_libspace                0x080002c5   Thumb Code     0  libspace.o(.text)
    __rt_ctype_table                         0x080002cd   Thumb Code    16  rt_ctype_table.o(.text)
    _strtoul                                 0x080002dd   Thumb Code   158  _strtoul.o(.text)
    __user_setup_stackheap                   0x0800037b   Thumb Code    74  sys_stackheap_outer.o(.text)
    __rt_locale                              0x080003c5   Thumb Code     8  rt_locale_intlibspace.o(.text)
    _chval                                   0x080003cd   Thumb Code    28  _chval.o(.text)
    exit                                     0x080003e9   Thumb Code    12  exit.o(.text)
    strcmp                                   0x080003f5   Thumb Code   128  strcmpv7m.o(.text)
    _sys_exit                                0x08000475   Thumb Code     8  sys_exit.o(.text)
    __I$use$semihosting                      0x08000481   Thumb Code     0  use_no_semi.o(.text)
    __use_no_semihosting_swi                 0x08000481   Thumb Code     2  use_no_semi.o(.text)
    ADC_Cmd                                  0x08000483   Thumb Code    22  stm32f10x_adc.o(i.ADC_Cmd)
    __semihosting_library_function           0x08000483   Thumb Code     0  indicate_semi.o(.text)
    ADC_DeInit                               0x08000499   Thumb Code    78  stm32f10x_adc.o(i.ADC_DeInit)
    ADC_GetCalibrationStatus                 0x080004f5   Thumb Code    20  stm32f10x_adc.o(i.ADC_GetCalibrationStatus)
    ADC_GetResetCalibrationStatus            0x08000509   Thumb Code    20  stm32f10x_adc.o(i.ADC_GetResetCalibrationStatus)
    ADC_Init                                 0x0800051d   Thumb Code    70  stm32f10x_adc.o(i.ADC_Init)
    ADC_ResetCalibration                     0x0800056d   Thumb Code    10  stm32f10x_adc.o(i.ADC_ResetCalibration)
    ADC_StartCalibration                     0x08000577   Thumb Code    10  stm32f10x_adc.o(i.ADC_StartCalibration)
    BusFault_Handler                         0x08000581   Thumb Code     4  stm32f10x_it.o(i.BusFault_Handler)
    CarMove                                  0x08000585   Thumb Code   312  motor.o(i.CarMove)
    CarStop                                  0x080006d1   Thumb Code    12  motor.o(i.CarStop)
    DebugMon_Handler                         0x080006e5   Thumb Code     2  stm32f10x_it.o(i.DebugMon_Handler)
    DuojiMid                                 0x080006e9   Thumb Code    16  steering_engine.o(i.DuojiMid)
    EXTI15_10_IRQHandler                     0x080006fd   Thumb Code    28  stm32f10x_it.o(i.EXTI15_10_IRQHandler)
    EXTI_ClearITPendingBit                   0x0800071d   Thumb Code     6  stm32f10x_exti.o(i.EXTI_ClearITPendingBit)
    EXTI_GetITStatus                         0x08000729   Thumb Code    34  stm32f10x_exti.o(i.EXTI_GetITStatus)
    EXTI_Init                                0x08000751   Thumb Code   142  stm32f10x_exti.o(i.EXTI_Init)
    GB16_NUM                                 0x080007e5   Thumb Code    18  oled_iic.o(i.GB16_NUM)
    GPIO_EXTILineConfig                      0x080007fd   Thumb Code    60  stm32f10x_gpio.o(i.GPIO_EXTILineConfig)
    GPIO_Init                                0x0800083d   Thumb Code   278  stm32f10x_gpio.o(i.GPIO_Init)
    GPIO_ReadInputDataBit                    0x08000953   Thumb Code    18  stm32f10x_gpio.o(i.GPIO_ReadInputDataBit)
    GPIO_ResetBits                           0x08000965   Thumb Code     4  stm32f10x_gpio.o(i.GPIO_ResetBits)
    GPIO_SetBits                             0x08000969   Thumb Code     4  stm32f10x_gpio.o(i.GPIO_SetBits)
    GPIO_clock_init                          0x0800096d   Thumb Code    28  interface.o(i.GPIO_clock_init)
    HardFault_Handler                        0x08000989   Thumb Code     4  stm32f10x_it.o(i.HardFault_Handler)
    IIC_GPIO_Config                          0x0800099d   Thumb Code    56  oled_iic.o(i.IIC_GPIO_Config)
    IIC_Start                                0x080009d9   Thumb Code    42  oled_iic.o(i.IIC_Start)
    IIC_Stop                                 0x08000a0d   Thumb Code    28  oled_iic.o(i.IIC_Stop)
    IIC_WaitAck                              0x08000a31   Thumb Code    56  oled_iic.o(i.IIC_WaitAck)
    IRCtrolInit                              0x08000a75   Thumb Code   112  irctrol.o(i.IRCtrolInit)
    MemManage_Handler                        0x08000ae9   Thumb Code     4  stm32f10x_it.o(i.MemManage_Handler)
    MotorGPIO_Configuration                  0x08000aed   Thumb Code    72  motor.o(i.MotorGPIO_Configuration)
    NMI_Handler                              0x08000b3d   Thumb Code     2  stm32f10x_it.o(i.NMI_Handler)
    NVIC_Init                                0x08000b41   Thumb Code   100  misc.o(i.NVIC_Init)
    NVIC_PriorityGroupConfig                 0x08000bb1   Thumb Code    10  misc.o(i.NVIC_PriorityGroupConfig)
    OLED_Clear                               0x08000be5   Thumb Code    10  oled_iic.o(i.OLED_Clear)
    OLED_Fill                                0x08000bef   Thumb Code    58  oled_iic.o(i.OLED_Fill)
    OLED_Init                                0x08000c29   Thumb Code   178  oled_iic.o(i.OLED_Init)
    OLED_Set_Pos                             0x08000ce1   Thumb Code    46  oled_iic.o(i.OLED_Set_Pos)
    OLED_ShowCH                              0x08000d11   Thumb Code   284  oled_iic.o(i.OLED_ShowCH)
    OLED_ShowChar                            0x08000e41   Thumb Code   102  oled_iic.o(i.OLED_ShowChar)
    OLED_ShowNum                             0x08000ead   Thumb Code   144  oled_iic.o(i.OLED_ShowNum)
    PendSV_Handler                           0x08000f3d   Thumb Code     2  stm32f10x_it.o(i.PendSV_Handler)
    RCC_ADCCLKConfig                         0x08000f41   Thumb Code    18  stm32f10x_rcc.o(i.RCC_ADCCLKConfig)
    RCC_APB1PeriphClockCmd                   0x08000f59   Thumb Code    26  stm32f10x_rcc.o(i.RCC_APB1PeriphClockCmd)
    RCC_APB2PeriphClockCmd                   0x08000f79   Thumb Code    26  stm32f10x_rcc.o(i.RCC_APB2PeriphClockCmd)
    RCC_APB2PeriphResetCmd                   0x08000f99   Thumb Code    26  stm32f10x_rcc.o(i.RCC_APB2PeriphResetCmd)
    RCC_GetClocksFreq                        0x08000fb9   Thumb Code   192  stm32f10x_rcc.o(i.RCC_GetClocksFreq)
    SVC_Handler                              0x0800108d   Thumb Code     2  stm32f10x_it.o(i.SVC_Handler)
    Serial_Init                              0x08001091   Thumb Code   174  uart2.o(i.Serial_Init)
    ServoInit                                0x08001149   Thumb Code    38  steering_engine.o(i.ServoInit)
    SysTick_Handler                          0x0800125d   Thumb Code     2  stm32f10x_it.o(i.SysTick_Handler)
    SystemInit                               0x08001261   Thumb Code    78  system_stm32f10x.o(i.SystemInit)
    TIM2_IRQHandler                          0x080012c1   Thumb Code   346  timer.o(i.TIM2_IRQHandler)
    TIM2_Init                                0x0800145d   Thumb Code    74  timer.o(i.TIM2_Init)
    TIM_ClearITPendingBit                    0x080014a7   Thumb Code     6  stm32f10x_tim.o(i.TIM_ClearITPendingBit)
    TIM_Cmd                                  0x080014ad   Thumb Code    24  stm32f10x_tim.o(i.TIM_Cmd)
    TIM_GetITStatus                          0x080014c5   Thumb Code    34  stm32f10x_tim.o(i.TIM_GetITStatus)
    TIM_ITConfig                             0x080014e7   Thumb Code    18  stm32f10x_tim.o(i.TIM_ITConfig)
    TIM_TimeBaseInit                         0x080014f9   Thumb Code   122  stm32f10x_tim.o(i.TIM_TimeBaseInit)
    Time3Init                                0x0800159d   Thumb Code    38  irctrol.o(i.Time3Init)
    Time4Init                                0x080015c9   Thumb Code    40  ultrasonic.o(i.Time4Init)
    USART1_IRQHandler                        0x080015f5   Thumb Code   118  uart2.o(i.USART1_IRQHandler)
    USART3Conf                               0x0800167d   Thumb Code   178  uart.o(i.USART3Conf)
    USART3_IRQHandler                        0x08001739   Thumb Code   150  uart.o(i.USART3_IRQHandler)
    USART_ClearFlag                          0x080017e9   Thumb Code    18  stm32f10x_usart.o(i.USART_ClearFlag)
    USART_ClearITPendingBit                  0x080017fb   Thumb Code    30  stm32f10x_usart.o(i.USART_ClearITPendingBit)
    USART_Cmd                                0x08001819   Thumb Code    24  stm32f10x_usart.o(i.USART_Cmd)
    USART_GetITStatus                        0x08001831   Thumb Code    84  stm32f10x_usart.o(i.USART_GetITStatus)
    USART_ITConfig                           0x08001885   Thumb Code    74  stm32f10x_usart.o(i.USART_ITConfig)
    USART_Init                               0x080018d1   Thumb Code   210  stm32f10x_usart.o(i.USART_Init)
    USART_ReceiveData                        0x080019a9   Thumb Code    10  stm32f10x_usart.o(i.USART_ReceiveData)
    UsageFault_Handler                       0x080019b3   Thumb Code     4  stm32f10x_it.o(i.UsageFault_Handler)
    Write_IIC_Byte                           0x080019b9   Thumb Code    80  oled_iic.o(i.Write_IIC_Byte)
    Write_IIC_Command                        0x08001a11   Thumb Code    44  oled_iic.o(i.Write_IIC_Command)
    Write_IIC_Data                           0x08001a3d   Thumb Code    44  oled_iic.o(i.Write_IIC_Data)
    adc1_init                                0x08001a69   Thumb Code   110  adc.o(i.adc1_init)
    all_init                                 0x08001add   Thumb Code   132  interface.o(i.all_init)
    buzzer_init                              0x08001b85   Thumb Code    42  buzzer.o(i.buzzer_init)
    delay_init                               0x08001bb5   Thumb Code    18  delay.o(i.delay_init)
    delay_ms                                 0x08001bc7   Thumb Code    24  delay.o(i.delay_ms)
    delay_us                                 0x08001bdf   Thumb Code    48  delay.o(i.delay_us)
    led_init                                 0x08001c11   Thumb Code   114  led.o(i.led_init)
    main                                     0x08001c8d   Thumb Code   202  main.o(i.main)
    measure_init                             0x08001d85   Thumb Code    26  speed_measurement.o(i.measure_init)
    measure_speed                            0x08001da5   Thumb Code   146  speed_measurement.o(i.measure_speed)
    motor_init                               0x08001e61   Thumb Code    30  motor.o(i.motor_init)
    obstacle_avoidance_init                  0x08001e91   Thumb Code    48  obstacle_avoidance.o(i.obstacle_avoidance_init)
    oled_pow                                 0x08001ec5   Thumb Code    22  oled_iic.o(i.oled_pow)
    search_init                              0x08001edd   Thumb Code    44  search.o(i.search_init)
    ultrasonic_init                          0x08001f0d   Thumb Code   148  ultrasonic.o(i.ultrasonic_init)
    voltage_init                             0x08001fa5   Thumb Code    24  battery_voltage.o(i.voltage_init)
    _get_lc_ctype                            0x08001fc1   Thumb Code    44  lc_ctype_c.o(locale$$code)
    __aeabi_dadd                             0x08001fed   Thumb Code     0  daddsub_clz.o(x$fpl$dadd)
    _dadd                                    0x08001fed   Thumb Code   332  daddsub_clz.o(x$fpl$dadd)
    __aeabi_d2uiz                            0x0800213d   Thumb Code     0  dfixu.o(x$fpl$dfixu)
    _dfixu                                   0x0800213d   Thumb Code    90  dfixu.o(x$fpl$dfixu)
    __aeabi_ui2d                             0x08002197   Thumb Code     0  dflt_clz.o(x$fpl$dfltu)
    _dfltu                                   0x08002197   Thumb Code    38  dflt_clz.o(x$fpl$dfltu)
    __aeabi_dmul                             0x080021bd   Thumb Code     0  dmul.o(x$fpl$dmul)
    _dmul                                    0x080021bd   Thumb Code   332  dmul.o(x$fpl$dmul)
    __fpl_dnaninf                            0x08002311   Thumb Code   156  dnaninf.o(x$fpl$dnaninf)
    __fpl_dretinf                            0x080023ad   Thumb Code    12  dretinf.o(x$fpl$dretinf)
    __aeabi_dsub                             0x080023b9   Thumb Code     0  daddsub_clz.o(x$fpl$dsub)
    _dsub                                    0x080023b9   Thumb Code   464  daddsub_clz.o(x$fpl$dsub)
    __aeabi_fadd                             0x0800258d   Thumb Code     0  faddsub_clz.o(x$fpl$fadd)
    _fadd                                    0x0800258d   Thumb Code   196  faddsub_clz.o(x$fpl$fadd)
    __fpl_fcmp_Inf                           0x08002651   Thumb Code    24  fcmpi.o(x$fpl$fcmpinf)
    __aeabi_cfcmpeq                          0x08002669   Thumb Code     0  feqf.o(x$fpl$feqf)
    _fcmpeq                                  0x08002669   Thumb Code   104  feqf.o(x$fpl$feqf)
    __aeabi_f2iz                             0x080026d1   Thumb Code     0  ffix.o(x$fpl$ffix)
    _ffix                                    0x080026d1   Thumb Code    54  ffix.o(x$fpl$ffix)
    __aeabi_f2uiz                            0x08002709   Thumb Code     0  ffixu.o(x$fpl$ffixu)
    _ffixu                                   0x08002709   Thumb Code    62  ffixu.o(x$fpl$ffixu)
    __aeabi_i2f                              0x08002749   Thumb Code     0  fflt_clz.o(x$fpl$fflt)
    _fflt                                    0x08002749   Thumb Code    48  fflt_clz.o(x$fpl$fflt)
    __aeabi_cfcmple                          0x08002779   Thumb Code     0  fleqf.o(x$fpl$fleqf)
    _fcmple                                  0x08002779   Thumb Code   104  fleqf.o(x$fpl$fleqf)
    __fpl_fcmple_InfNaN                      0x080027cb   Thumb Code     0  fleqf.o(x$fpl$fleqf)
    __fpl_fnaninf                            0x080027e1   Thumb Code   140  fnaninf.o(x$fpl$fnaninf)
    __fpl_fretinf                            0x0800286d   Thumb Code    10  fretinf.o(x$fpl$fretinf)
    __aeabi_cfrcmple                         0x08002877   Thumb Code     0  frleqf.o(x$fpl$frleqf)
    _frcmple                                 0x08002877   Thumb Code    98  frleqf.o(x$fpl$frleqf)
    __aeabi_fsub                             0x080028d9   Thumb Code     0  faddsub_clz.o(x$fpl$fsub)
    _fsub                                    0x080028d9   Thumb Code   234  faddsub_clz.o(x$fpl$fsub)
    __I$use$fp                               0x080029c2   Number         0  usenofp.o(x$fpl$usenofp)
    Region$$Table$$Base                      0x080029c4   Number         0  anon$$obj.o(Region$$Table)
    Region$$Table$$Limit                     0x080029e4   Number         0  anon$$obj.o(Region$$Table)
    __ctype                                  0x080029f1   Data           0  lc_ctype_c.o(locale$$data)
    ir_rec_flag                              0x20000000   Data           1  irctrol.o(.data)
    IRCOM                                    0x20000001   Data           4  irctrol.o(.data)
    continue_time                            0x20000005   Data           1  irctrol.o(.data)
    IrDA                                     0x20000006   Data           1  irctrol.o(.data)
    speed_count                              0x20000008   Data           4  motor.o(.data)
    move_rec_flag                            0x2000000c   Data           1  motor.o(.data)
    stop_display_flag                        0x2000000d   Data           1  motor.o(.data)
    Time_10us_motor                          0x2000000e   Data           1  motor.o(.data)
    left_speed_duty                          0x20000010   Data           4  motor.o(.data)
    right_speed_duty                         0x20000014   Data           4  motor.o(.data)
    sound_pwm                                0x20000018   Data           4  motor.o(.data)
    zf                                       0x20000028   Data        1520  oled_iic.o(.data)
    hz                                       0x20000618   Data        2048  oled_iic.o(.data)
    hz_index                                 0x20000e18   Data         129  oled_iic.o(.data)
    zf_index                                 0x20000e99   Data          96  oled_iic.o(.data)
    BMP1                                     0x20000ef9   Data        1024  oled_iic.o(.data)
    HZ                                       0x200012fc   Data           4  oled_iic.o(.data)
    sudu                                     0x20001300   Data           1  speed_set.o(.data)
    speed_and_flag                           0x20001301   Data           1  speed_set.o(.data)
    speed_subtract_flag                      0x20001302   Data           1  speed_set.o(.data)
    duoji_count                              0x20001304   Data           4  steering_engine.o(.data)
    zhuanjiao                                0x20001308   Data           4  steering_engine.o(.data)
    Time_10us_sum                            0x2000130c   Data           1  timer.o(.data)
    Time_1ms                                 0x2000130d   Data           1  timer.o(.data)
    Time_5ms                                 0x2000130e   Data           1  timer.o(.data)
    speed_pwm                                0x20001310   Data           4  timer.o(.data)
    obstacle_avoidance_flag                  0x20001314   Data           1  obstacle_avoidance.o(.data)
    obstacle_avoidance_display_flag          0x20001315   Data           1  obstacle_avoidance.o(.data)
    BT_flag                                  0x20001318   Data           1  uart.o(.data)
    BT                                       0x20001319   Data           1  uart.o(.data)
    index11                                  0x2000131a   Data           2  uart.o(.data)
    x                                        0x2000131c   Data           4  uart.o(.data)
    y                                        0x20001320   Data           4  uart.o(.data)
    rssi                                     0x20001324   Data           4  uart.o(.data)
    angle                                    0x20001328   Data           4  uart.o(.data)
    search_flag                              0x2000132c   Data           1  search.o(.data)
    search_display_flag                      0x2000132d   Data           1  search.o(.data)
    count_1ms                                0x20001330   Data           4  speed_measurement.o(.data)
    speed_io                                 0x20001334   Data           4  speed_measurement.o(.data)
    speed_10us                               0x20001338   Data           4  speed_measurement.o(.data)
    speed_variate                            0x20001340   Data           4  speed_measurement.o(.data)
    speed_measurement_flag                   0x20001344   Data           1  speed_measurement.o(.data)
    speed_measurement_display_flag           0x20001345   Data           1  speed_measurement.o(.data)
    total_distance_variate                   0x20001348   Data           4  speed_measurement.o(.data)
    total_distance_flag                      0x2000134c   Data           1  speed_measurement.o(.data)
    total_distance_display_flag              0x2000134d   Data           1  speed_measurement.o(.data)
    speed_stop                               0x2000134e   Data           1  speed_measurement.o(.data)
    distance_cm                              0x20001350   Data           4  ultrasonic.o(.data)
    status                                   0x20001358   Data           1  ultrasonic.o(.data)
    ultrasonic_flag                          0x20001359   Data           1  ultrasonic.o(.data)
    ultrasonic_display_flag                  0x2000135a   Data           1  ultrasonic.o(.data)
    dis_count                                0x2000135c   Data           4  ultrasonic.o(.data)
    dis_left                                 0x20001360   Data           4  ultrasonic.o(.data)
    dis_right                                0x20001364   Data           4  ultrasonic.o(.data)
    dis_direct                               0x20001368   Data           4  ultrasonic.o(.data)
    Serial_RxFlag                            0x2000136c   Data           1  uart2.o(.data)
    rx_index                                 0x2000136d   Data           1  uart2.o(.data)
    packet_ready                             0x2000136e   Data           1  uart2.o(.data)
    received_angle                           0x20001370   Data           4  uart2.o(.data)
    buf                                      0x20001388   Data         256  uart.o(.bss)
    Serial_RxPacket                          0x20001488   Data         100  uart2.o(.bss)
    uart_rx_buffer                           0x200014ec   Data          64  uart2.o(.bss)
    __libspace_start                         0x2000152c   Data          96  libspace.o(.bss)
    __temporary_stack_top$libspace           0x2000158c   Data           0  libspace.o(.bss)



==============================================================================

Memory Map of the image

  Image Entry point : 0x080000ed

  Load Region LR_IROM1 (Base: 0x08000000, Size: 0x00003e7c, Max: 0x00010000, ABSOLUTE, COMPRESSED[0x0000383c])

    Execution Region ER_IROM1 (Exec base: 0x08000000, Load base: 0x08000000, Size: 0x00002af4, Max: 0x00010000, ABSOLUTE)

    Exec Addr    Load Addr    Size         Type   Attr      Idx    E Section Name        Object

    0x08000000   0x08000000   0x000000ec   Data   RO         1197    RESET               startup_stm32f10x_md.o
    0x080000ec   0x080000ec   0x00000008   Code   RO         4224  * !!!main             c_w.l(__main.o)
    0x080000f4   0x080000f4   0x00000034   Code   RO         4619    !!!scatter          c_w.l(__scatter.o)
    0x08000128   0x08000128   0x0000005a   Code   RO         4617    !!dczerorl2         c_w.l(__dczerorl2.o)
    0x08000182   0x08000182   0x00000002   PAD
    0x08000184   0x08000184   0x0000001c   Code   RO         4621    !!handler_zi        c_w.l(__scatter_zi.o)
    0x080001a0   0x080001a0   0x00000002   Code   RO         4485    .ARM.Collect$$libinit$$00000000  c_w.l(libinit.o)
    0x080001a2   0x080001a2   0x00000000   Code   RO         4495    .ARM.Collect$$libinit$$00000002  c_w.l(libinit2.o)
    0x080001a2   0x080001a2   0x00000000   Code   RO         4497    .ARM.Collect$$libinit$$00000004  c_w.l(libinit2.o)
    0x080001a2   0x080001a2   0x00000000   Code   RO         4500    .ARM.Collect$$libinit$$0000000A  c_w.l(libinit2.o)
    0x080001a2   0x080001a2   0x00000000   Code   RO         4502    .ARM.Collect$$libinit$$0000000C  c_w.l(libinit2.o)
    0x080001a2   0x080001a2   0x00000000   Code   RO         4504    .ARM.Collect$$libinit$$0000000E  c_w.l(libinit2.o)
    0x080001a2   0x080001a2   0x00000006   Code   RO         4505    .ARM.Collect$$libinit$$0000000F  c_w.l(libinit2.o)
    0x080001a8   0x080001a8   0x00000000   Code   RO         4507    .ARM.Collect$$libinit$$00000011  c_w.l(libinit2.o)
    0x080001a8   0x080001a8   0x0000000c   Code   RO         4508    .ARM.Collect$$libinit$$00000012  c_w.l(libinit2.o)
    0x080001b4   0x080001b4   0x00000000   Code   RO         4509    .ARM.Collect$$libinit$$00000013  c_w.l(libinit2.o)
    0x080001b4   0x080001b4   0x00000000   Code   RO         4511    .ARM.Collect$$libinit$$00000015  c_w.l(libinit2.o)
    0x080001b4   0x080001b4   0x00000000   Code   RO         4513    .ARM.Collect$$libinit$$00000017  c_w.l(libinit2.o)
    0x080001b4   0x080001b4   0x00000000   Code   RO         4515    .ARM.Collect$$libinit$$00000019  c_w.l(libinit2.o)
    0x080001b4   0x080001b4   0x00000000   Code   RO         4517    .ARM.Collect$$libinit$$0000001B  c_w.l(libinit2.o)
    0x080001b4   0x080001b4   0x00000000   Code   RO         4519    .ARM.Collect$$libinit$$0000001D  c_w.l(libinit2.o)
    0x080001b4   0x080001b4   0x00000000   Code   RO         4521    .ARM.Collect$$libinit$$0000001F  c_w.l(libinit2.o)
    0x080001b4   0x080001b4   0x00000000   Code   RO         4523    .ARM.Collect$$libinit$$00000021  c_w.l(libinit2.o)
    0x080001b4   0x080001b4   0x00000000   Code   RO         4525    .ARM.Collect$$libinit$$00000023  c_w.l(libinit2.o)
    0x080001b4   0x080001b4   0x00000000   Code   RO         4527    .ARM.Collect$$libinit$$00000025  c_w.l(libinit2.o)
    0x080001b4   0x080001b4   0x00000000   Code   RO         4531    .ARM.Collect$$libinit$$0000002C  c_w.l(libinit2.o)
    0x080001b4   0x080001b4   0x00000000   Code   RO         4533    .ARM.Collect$$libinit$$0000002E  c_w.l(libinit2.o)
    0x080001b4   0x080001b4   0x00000000   Code   RO         4535    .ARM.Collect$$libinit$$00000030  c_w.l(libinit2.o)
    0x080001b4   0x080001b4   0x00000000   Code   RO         4537    .ARM.Collect$$libinit$$00000032  c_w.l(libinit2.o)
    0x080001b4   0x080001b4   0x00000002   Code   RO         4538    .ARM.Collect$$libinit$$00000033  c_w.l(libinit2.o)
    0x080001b6   0x080001b6   0x00000002   Code   RO         4558    .ARM.Collect$$libshutdown$$00000000  c_w.l(libshutdown.o)
    0x080001b8   0x080001b8   0x00000000   Code   RO         4572    .ARM.Collect$$libshutdown$$00000003  c_w.l(libshutdown2.o)
    0x080001b8   0x080001b8   0x00000000   Code   RO         4575    .ARM.Collect$$libshutdown$$00000006  c_w.l(libshutdown2.o)
    0x080001b8   0x080001b8   0x00000000   Code   RO         4578    .ARM.Collect$$libshutdown$$00000009  c_w.l(libshutdown2.o)
    0x080001b8   0x080001b8   0x00000000   Code   RO         4580    .ARM.Collect$$libshutdown$$0000000B  c_w.l(libshutdown2.o)
    0x080001b8   0x080001b8   0x00000000   Code   RO         4583    .ARM.Collect$$libshutdown$$0000000E  c_w.l(libshutdown2.o)
    0x080001b8   0x080001b8   0x00000002   Code   RO         4584    .ARM.Collect$$libshutdown$$0000000F  c_w.l(libshutdown2.o)
    0x080001ba   0x080001ba   0x00000000   Code   RO         4278    .ARM.Collect$$rtentry$$00000000  c_w.l(__rtentry.o)
    0x080001ba   0x080001ba   0x00000000   Code   RO         4400    .ARM.Collect$$rtentry$$00000002  c_w.l(__rtentry2.o)
    0x080001ba   0x080001ba   0x00000006   Code   RO         4412    .ARM.Collect$$rtentry$$00000004  c_w.l(__rtentry4.o)
    0x080001c0   0x080001c0   0x00000000   Code   RO         4402    .ARM.Collect$$rtentry$$00000009  c_w.l(__rtentry2.o)
    0x080001c0   0x080001c0   0x00000004   Code   RO         4403    .ARM.Collect$$rtentry$$0000000A  c_w.l(__rtentry2.o)
    0x080001c4   0x080001c4   0x00000000   Code   RO         4405    .ARM.Collect$$rtentry$$0000000C  c_w.l(__rtentry2.o)
    0x080001c4   0x080001c4   0x00000008   Code   RO         4406    .ARM.Collect$$rtentry$$0000000D  c_w.l(__rtentry2.o)
    0x080001cc   0x080001cc   0x00000002   Code   RO         4490    .ARM.Collect$$rtexit$$00000000  c_w.l(rtexit.o)
    0x080001ce   0x080001ce   0x00000000   Code   RO         4540    .ARM.Collect$$rtexit$$00000002  c_w.l(rtexit2.o)
    0x080001ce   0x080001ce   0x00000004   Code   RO         4541    .ARM.Collect$$rtexit$$00000003  c_w.l(rtexit2.o)
    0x080001d2   0x080001d2   0x00000006   Code   RO         4542    .ARM.Collect$$rtexit$$00000004  c_w.l(rtexit2.o)
    0x080001d8   0x080001d8   0x00000040   Code   RO         1198    .text               startup_stm32f10x_md.o
    0x08000218   0x08000218   0x0000001a   Code   RO         4218    .text               c_w.l(atoi.o)
    0x08000232   0x08000232   0x00000014   Code   RO         4220    .text               c_w.l(strchr.o)
    0x08000246   0x08000246   0x00000006   Code   RO         4222    .text               c_w.l(heapauxi.o)
    0x0800024c   0x0800024c   0x00000008   Code   RO         4282    .text               c_w.l(rt_errno_addr_intlibspace.o)
    0x08000254   0x08000254   0x00000070   Code   RO         4375    .text               c_w.l(strtol.o)
    0x080002c4   0x080002c4   0x00000008   Code   RO         4396    .text               c_w.l(libspace.o)
    0x080002cc   0x080002cc   0x00000010   Code   RO         4414    .text               c_w.l(rt_ctype_table.o)
    0x080002dc   0x080002dc   0x0000009e   Code   RO         4432    .text               c_w.l(_strtoul.o)
    0x0800037a   0x0800037a   0x0000004a   Code   RO         4436    .text               c_w.l(sys_stackheap_outer.o)
    0x080003c4   0x080003c4   0x00000008   Code   RO         4441    .text               c_w.l(rt_locale_intlibspace.o)
    0x080003cc   0x080003cc   0x0000001c   Code   RO         4445    .text               c_w.l(_chval.o)
    0x080003e8   0x080003e8   0x0000000c   Code   RO         4478    .text               c_w.l(exit.o)
    0x080003f4   0x080003f4   0x00000080   Code   RO         4492    .text               c_w.l(strcmpv7m.o)
    0x08000474   0x08000474   0x0000000c   Code   RO         4550    .text               c_w.l(sys_exit.o)
    0x08000480   0x08000480   0x00000002   Code   RO         4561    .text               c_w.l(use_no_semi.o)
    0x08000482   0x08000482   0x00000000   Code   RO         4563    .text               c_w.l(indicate_semi.o)
    0x08000482   0x08000482   0x00000016   Code   RO         1289    i.ADC_Cmd           stm32f10x_adc.o
    0x08000498   0x08000498   0x0000005c   Code   RO         1291    i.ADC_DeInit        stm32f10x_adc.o
    0x080004f4   0x080004f4   0x00000014   Code   RO         1297    i.ADC_GetCalibrationStatus  stm32f10x_adc.o
    0x08000508   0x08000508   0x00000014   Code   RO         1303    i.ADC_GetResetCalibrationStatus  stm32f10x_adc.o
    0x0800051c   0x0800051c   0x00000050   Code   RO         1307    i.ADC_Init          stm32f10x_adc.o
    0x0800056c   0x0800056c   0x0000000a   Code   RO         1312    i.ADC_ResetCalibration  stm32f10x_adc.o
    0x08000576   0x08000576   0x0000000a   Code   RO         1316    i.ADC_StartCalibration  stm32f10x_adc.o
    0x08000580   0x08000580   0x00000004   Code   RO          186    i.BusFault_Handler  stm32f10x_it.o
    0x08000584   0x08000584   0x0000014c   Code   RO          347    i.CarMove           motor.o
    0x080006d0   0x080006d0   0x00000014   Code   RO          351    i.CarStop           motor.o
    0x080006e4   0x080006e4   0x00000002   Code   RO          187    i.DebugMon_Handler  stm32f10x_it.o
    0x080006e6   0x080006e6   0x00000002   PAD
    0x080006e8   0x080006e8   0x00000014   Code   RO          644    i.DuojiMid          steering_engine.o
    0x080006fc   0x080006fc   0x00000020   Code   RO          188    i.EXTI15_10_IRQHandler  stm32f10x_it.o
    0x0800071c   0x0800071c   0x0000000c   Code   RO         2045    i.EXTI_ClearITPendingBit  stm32f10x_exti.o
    0x08000728   0x08000728   0x00000028   Code   RO         2049    i.EXTI_GetITStatus  stm32f10x_exti.o
    0x08000750   0x08000750   0x00000094   Code   RO         2050    i.EXTI_Init         stm32f10x_exti.o
    0x080007e4   0x080007e4   0x00000018   Code   RO          459    i.GB16_NUM          oled_iic.o
    0x080007fc   0x080007fc   0x00000040   Code   RO         2395    i.GPIO_EXTILineConfig  stm32f10x_gpio.o
    0x0800083c   0x0800083c   0x00000116   Code   RO         2398    i.GPIO_Init         stm32f10x_gpio.o
    0x08000952   0x08000952   0x00000012   Code   RO         2402    i.GPIO_ReadInputDataBit  stm32f10x_gpio.o
    0x08000964   0x08000964   0x00000004   Code   RO         2405    i.GPIO_ResetBits    stm32f10x_gpio.o
    0x08000968   0x08000968   0x00000004   Code   RO         2406    i.GPIO_SetBits      stm32f10x_gpio.o
    0x0800096c   0x0800096c   0x0000001c   Code   RO          260    i.GPIO_clock_init   interface.o
    0x08000988   0x08000988   0x00000004   Code   RO          189    i.HardFault_Handler  stm32f10x_it.o
    0x0800098c   0x0800098c   0x0000000e   Code   RO          460    i.IIC_Delay         oled_iic.o
    0x0800099a   0x0800099a   0x00000002   PAD
    0x0800099c   0x0800099c   0x0000003c   Code   RO          461    i.IIC_GPIO_Config   oled_iic.o
    0x080009d8   0x080009d8   0x00000034   Code   RO          462    i.IIC_Start         oled_iic.o
    0x08000a0c   0x08000a0c   0x00000024   Code   RO          463    i.IIC_Stop          oled_iic.o
    0x08000a30   0x08000a30   0x00000044   Code   RO          464    i.IIC_WaitAck       oled_iic.o
    0x08000a74   0x08000a74   0x00000074   Code   RO          296    i.IRCtrolInit       irctrol.o
    0x08000ae8   0x08000ae8   0x00000004   Code   RO          190    i.MemManage_Handler  stm32f10x_it.o
    0x08000aec   0x08000aec   0x00000050   Code   RO          353    i.MotorGPIO_Configuration  motor.o
    0x08000b3c   0x08000b3c   0x00000002   Code   RO          191    i.NMI_Handler       stm32f10x_it.o
    0x08000b3e   0x08000b3e   0x00000002   PAD
    0x08000b40   0x08000b40   0x00000070   Code   RO         1247    i.NVIC_Init         misc.o
    0x08000bb0   0x08000bb0   0x00000014   Code   RO         1248    i.NVIC_PriorityGroupConfig  misc.o
    0x08000bc4   0x08000bc4   0x00000020   Code   RO          683    i.NVIC_TIM2Configuration  timer.o
    0x08000be4   0x08000be4   0x0000000a   Code   RO          465    i.OLED_Clear        oled_iic.o
    0x08000bee   0x08000bee   0x0000003a   Code   RO          467    i.OLED_Fill         oled_iic.o
    0x08000c28   0x08000c28   0x000000b8   Code   RO          468    i.OLED_Init         oled_iic.o
    0x08000ce0   0x08000ce0   0x0000002e   Code   RO          471    i.OLED_Set_Pos      oled_iic.o
    0x08000d0e   0x08000d0e   0x00000002   PAD
    0x08000d10   0x08000d10   0x00000130   Code   RO          472    i.OLED_ShowCH       oled_iic.o
    0x08000e40   0x08000e40   0x0000006c   Code   RO          473    i.OLED_ShowChar     oled_iic.o
    0x08000eac   0x08000eac   0x00000090   Code   RO          474    i.OLED_ShowNum      oled_iic.o
    0x08000f3c   0x08000f3c   0x00000002   Code   RO          192    i.PendSV_Handler    stm32f10x_it.o
    0x08000f3e   0x08000f3e   0x00000002   PAD
    0x08000f40   0x08000f40   0x00000018   Code   RO         2812    i.RCC_ADCCLKConfig  stm32f10x_rcc.o
    0x08000f58   0x08000f58   0x00000020   Code   RO         2814    i.RCC_APB1PeriphClockCmd  stm32f10x_rcc.o
    0x08000f78   0x08000f78   0x00000020   Code   RO         2816    i.RCC_APB2PeriphClockCmd  stm32f10x_rcc.o
    0x08000f98   0x08000f98   0x00000020   Code   RO         2817    i.RCC_APB2PeriphResetCmd  stm32f10x_rcc.o
    0x08000fb8   0x08000fb8   0x000000d4   Code   RO         2824    i.RCC_GetClocksFreq  stm32f10x_rcc.o
    0x0800108c   0x0800108c   0x00000002   Code   RO          193    i.SVC_Handler       stm32f10x_it.o
    0x0800108e   0x0800108e   0x00000002   PAD
    0x08001090   0x08001090   0x000000b8   Code   RO         1124    i.Serial_Init       uart2.o
    0x08001148   0x08001148   0x0000002c   Code   RO          646    i.ServoInit         steering_engine.o
    0x08001174   0x08001174   0x00000008   Code   RO         1213    i.SetSysClock       system_stm32f10x.o
    0x0800117c   0x0800117c   0x000000e0   Code   RO         1214    i.SetSysClockTo72   system_stm32f10x.o
    0x0800125c   0x0800125c   0x00000002   Code   RO          194    i.SysTick_Handler   stm32f10x_it.o
    0x0800125e   0x0800125e   0x00000002   PAD
    0x08001260   0x08001260   0x00000060   Code   RO         1216    i.SystemInit        system_stm32f10x.o
    0x080012c0   0x080012c0   0x0000019c   Code   RO          684    i.TIM2_IRQHandler   timer.o
    0x0800145c   0x0800145c   0x0000004a   Code   RO          685    i.TIM2_Init         timer.o
    0x080014a6   0x080014a6   0x00000006   Code   RO         3443    i.TIM_ClearITPendingBit  stm32f10x_tim.o
    0x080014ac   0x080014ac   0x00000018   Code   RO         3448    i.TIM_Cmd           stm32f10x_tim.o
    0x080014c4   0x080014c4   0x00000022   Code   RO         3469    i.TIM_GetITStatus   stm32f10x_tim.o
    0x080014e6   0x080014e6   0x00000012   Code   RO         3473    i.TIM_ITConfig      stm32f10x_tim.o
    0x080014f8   0x080014f8   0x000000a4   Code   RO         3519    i.TIM_TimeBaseInit  stm32f10x_tim.o
    0x0800159c   0x0800159c   0x0000002c   Code   RO          298    i.Time3Init         irctrol.o
    0x080015c8   0x080015c8   0x0000002c   Code   RO          912    i.Time4Init         ultrasonic.o
    0x080015f4   0x080015f4   0x00000088   Code   RO         1131    i.USART1_IRQHandler  uart2.o
    0x0800167c   0x0800167c   0x000000bc   Code   RO          784    i.USART3Conf        uart.o
    0x08001738   0x08001738   0x000000b0   Code   RO          785    i.USART3_IRQHandler  uart.o
    0x080017e8   0x080017e8   0x00000012   Code   RO         3980    i.USART_ClearFlag   stm32f10x_usart.o
    0x080017fa   0x080017fa   0x0000001e   Code   RO         3981    i.USART_ClearITPendingBit  stm32f10x_usart.o
    0x08001818   0x08001818   0x00000018   Code   RO         3984    i.USART_Cmd         stm32f10x_usart.o
    0x08001830   0x08001830   0x00000054   Code   RO         3988    i.USART_GetITStatus  stm32f10x_usart.o
    0x08001884   0x08001884   0x0000004a   Code   RO         3990    i.USART_ITConfig    stm32f10x_usart.o
    0x080018ce   0x080018ce   0x00000002   PAD
    0x080018d0   0x080018d0   0x000000d8   Code   RO         3991    i.USART_Init        stm32f10x_usart.o
    0x080019a8   0x080019a8   0x0000000a   Code   RO         3998    i.USART_ReceiveData  stm32f10x_usart.o
    0x080019b2   0x080019b2   0x00000004   Code   RO          195    i.UsageFault_Handler  stm32f10x_it.o
    0x080019b6   0x080019b6   0x00000002   PAD
    0x080019b8   0x080019b8   0x00000058   Code   RO          476    i.Write_IIC_Byte    oled_iic.o
    0x08001a10   0x08001a10   0x0000002c   Code   RO          477    i.Write_IIC_Command  oled_iic.o
    0x08001a3c   0x08001a3c   0x0000002c   Code   RO          478    i.Write_IIC_Data    oled_iic.o
    0x08001a68   0x08001a68   0x00000074   Code   RO         1006    i.adc1_init         adc.o
    0x08001adc   0x08001adc   0x000000a8   Code   RO          261    i.all_init          interface.o
    0x08001b84   0x08001b84   0x00000030   Code   RO          974    i.buzzer_init       buzzer.o
    0x08001bb4   0x08001bb4   0x00000012   Code   RO          750    i.delay_init        delay.o
    0x08001bc6   0x08001bc6   0x00000018   Code   RO          751    i.delay_ms          delay.o
    0x08001bde   0x08001bde   0x00000030   Code   RO          752    i.delay_us          delay.o
    0x08001c0e   0x08001c0e   0x00000002   PAD
    0x08001c10   0x08001c10   0x0000007c   Code   RO         1077    i.led_init          led.o
    0x08001c8c   0x08001c8c   0x000000f8   Code   RO            1    i.main              main.o
    0x08001d84   0x08001d84   0x00000020   Code   RO          862    i.measure_init      speed_measurement.o
    0x08001da4   0x08001da4   0x000000bc   Code   RO          863    i.measure_speed     speed_measurement.o
    0x08001e60   0x08001e60   0x00000030   Code   RO          354    i.motor_init        motor.o
    0x08001e90   0x08001e90   0x00000034   Code   RO          718    i.obstacle_avoidance_init  obstacle_avoidance.o
    0x08001ec4   0x08001ec4   0x00000016   Code   RO          479    i.oled_pow          oled_iic.o
    0x08001eda   0x08001eda   0x00000002   PAD
    0x08001edc   0x08001edc   0x00000030   Code   RO          830    i.search_init       search.o
    0x08001f0c   0x08001f0c   0x00000098   Code   RO          915    i.ultrasonic_init   ultrasonic.o
    0x08001fa4   0x08001fa4   0x0000001c   Code   RO         1037    i.voltage_init      battery_voltage.o
    0x08001fc0   0x08001fc0   0x0000002c   Code   RO         4473    locale$$code        c_w.l(lc_ctype_c.o)
    0x08001fec   0x08001fec   0x00000150   Code   RO         4228    x$fpl$dadd          fz_ws.l(daddsub_clz.o)
    0x0800213c   0x0800213c   0x0000005a   Code   RO         4238    x$fpl$dfixu         fz_ws.l(dfixu.o)
    0x08002196   0x08002196   0x00000026   Code   RO         4242    x$fpl$dfltu         fz_ws.l(dflt_clz.o)
    0x080021bc   0x080021bc   0x00000154   Code   RO         4248    x$fpl$dmul          fz_ws.l(dmul.o)
    0x08002310   0x08002310   0x0000009c   Code   RO         4377    x$fpl$dnaninf       fz_ws.l(dnaninf.o)
    0x080023ac   0x080023ac   0x0000000c   Code   RO         4379    x$fpl$dretinf       fz_ws.l(dretinf.o)
    0x080023b8   0x080023b8   0x000001d4   Code   RO         4230    x$fpl$dsub          fz_ws.l(daddsub_clz.o)
    0x0800258c   0x0800258c   0x000000c4   Code   RO         4250    x$fpl$fadd          fz_ws.l(faddsub_clz.o)
    0x08002650   0x08002650   0x00000018   Code   RO         4381    x$fpl$fcmpinf       fz_ws.l(fcmpi.o)
    0x08002668   0x08002668   0x00000068   Code   RO         4256    x$fpl$feqf          fz_ws.l(feqf.o)
    0x080026d0   0x080026d0   0x00000036   Code   RO         4258    x$fpl$ffix          fz_ws.l(ffix.o)
    0x08002706   0x08002706   0x00000002   PAD
    0x08002708   0x08002708   0x0000003e   Code   RO         4262    x$fpl$ffixu         fz_ws.l(ffixu.o)
    0x08002746   0x08002746   0x00000002   PAD
    0x08002748   0x08002748   0x00000030   Code   RO         4267    x$fpl$fflt          fz_ws.l(fflt_clz.o)
    0x08002778   0x08002778   0x00000068   Code   RO         4272    x$fpl$fleqf         fz_ws.l(fleqf.o)
    0x080027e0   0x080027e0   0x0000008c   Code   RO         4383    x$fpl$fnaninf       fz_ws.l(fnaninf.o)
    0x0800286c   0x0800286c   0x0000000a   Code   RO         4385    x$fpl$fretinf       fz_ws.l(fretinf.o)
    0x08002876   0x08002876   0x00000062   Code   RO         4276    x$fpl$frleqf        fz_ws.l(frleqf.o)
    0x080028d8   0x080028d8   0x000000ea   Code   RO         4252    x$fpl$fsub          fz_ws.l(faddsub_clz.o)
    0x080029c2   0x080029c2   0x00000000   Code   RO         4395    x$fpl$usenofp       fz_ws.l(usenofp.o)
    0x080029c2   0x080029c2   0x00000002   PAD
    0x080029c4   0x080029c4   0x00000020   Data   RO         4615    Region$$Table       anon$$obj.o
    0x080029e4   0x080029e4   0x00000110   Data   RO         4472    locale$$data        c_w.l(lc_ctype_c.o)


    Execution Region RW_IRAM1 (Exec base: 0x20000000, Load base: 0x08002af4, Size: 0x00001b90, Max: 0x00005000, ABSOLUTE, COMPRESSED[0x00000d48])

    Exec Addr    Load Addr    Size         Type   Attr      Idx    E Section Name        Object

    0x20000000   COMPRESSED   0x00000007   Data   RW          299    .data               irctrol.o
    0x20000007   COMPRESSED   0x00000001   PAD
    0x20000008   COMPRESSED   0x00000020   Data   RW          357    .data               motor.o
    0x20000028   COMPRESSED   0x000012d8   Data   RW          480    .data               oled_iic.o
    0x20001300   COMPRESSED   0x00000003   Data   RW          612    .data               speed_set.o
    0x20001303   COMPRESSED   0x00000001   PAD
    0x20001304   COMPRESSED   0x00000008   Data   RW          647    .data               steering_engine.o
    0x2000130c   COMPRESSED   0x00000008   Data   RW          686    .data               timer.o
    0x20001314   COMPRESSED   0x00000002   Data   RW          719    .data               obstacle_avoidance.o
    0x20001316   COMPRESSED   0x00000002   PAD
    0x20001318   COMPRESSED   0x00000014   Data   RW          787    .data               uart.o
    0x2000132c   COMPRESSED   0x00000002   Data   RW          831    .data               search.o
    0x2000132e   COMPRESSED   0x00000002   PAD
    0x20001330   COMPRESSED   0x0000001f   Data   RW          867    .data               speed_measurement.o
    0x2000134f   COMPRESSED   0x00000001   PAD
    0x20001350   COMPRESSED   0x0000001c   Data   RW          916    .data               ultrasonic.o
    0x2000136c   COMPRESSED   0x00000008   Data   RW         1134    .data               uart2.o
    0x20001374   COMPRESSED   0x00000014   Data   RW         2844    .data               stm32f10x_rcc.o
    0x20001388        -       0x00000100   Zero   RW          786    .bss                uart.o
    0x20001488        -       0x000000a4   Zero   RW         1133    .bss                uart2.o
    0x2000152c        -       0x00000060   Zero   RW         4397    .bss                c_w.l(libspace.o)
    0x2000158c   COMPRESSED   0x00000004   PAD
    0x20001590        -       0x00000200   Zero   RW         1196    HEAP                startup_stm32f10x_md.o
    0x20001790        -       0x00000400   Zero   RW         1195    STACK               startup_stm32f10x_md.o


==============================================================================

Image component sizes


      Code (inc. data)   RO Data    RW Data    ZI Data      Debug   Object Name

       116          6          0          0          0        576   adc.o
        28          4          0          0          0        523   battery_voltage.o
        48          6          0          0          0        506   buzzer.o
        90          0          0          0          0       1431   delay.o
       196         36          0          0          0       1053   interface.o
       160         10          0          7          0       1961   irctrol.o
       124         10          0          0          0        539   led.o
       248         46          0          0          0     264823   main.o
       132         22          0          0          0       1667   misc.o
       480         54          0         32          0       3308   motor.o
        52          4          0          2          0        944   obstacle_avoidance.o
      1306         80          0       4824          0      11070   oled_iic.o
        48          4          0          2          0        832   search.o
       220         48          0         31          0       1865   speed_measurement.o
         0          0          0          3          0        358   speed_set.o
        64         26        236          0       1536        844   startup_stm32f10x_md.o
        64         10          0          8          0       1319   steering_engine.o
       254         24          0          0          0       6119   stm32f10x_adc.o
       200         18          0          0          0       2236   stm32f10x_exti.o
       368          4          0          0          0       4402   stm32f10x_gpio.o
        58          4          0          0          0       4561   stm32f10x_it.o
       332         44          0         20          0       5710   stm32f10x_rcc.o
       246         42          0          0          0       3690   stm32f10x_tim.o
       456          6          0          0          0       6302   stm32f10x_usart.o
       328         28          0          0          0       2113   system_stm32f10x.o
       518         66          0          8          0       2074   timer.o
       364         36          0         20        256       2333   uart.o
       320         28          0          8        164       2846   uart2.o
       196          8          0         28          0       1755   ultrasonic.o

    ----------------------------------------------------------------------
      7038        674        268       5000       1956     337760   Object Totals
         0          0         32          0          0          0   (incl. Generated)
        22          0          0          7          0          0   (incl. Padding)

    ----------------------------------------------------------------------

      Code (inc. data)   RO Data    RW Data    ZI Data      Debug   Library Member Name

        90          0          0          0          0          0   __dczerorl2.o
         8          0          0          0          0         68   __main.o
         0          0          0          0          0          0   __rtentry.o
        12          0          0          0          0          0   __rtentry2.o
         6          0          0          0          0          0   __rtentry4.o
        52          8          0          0          0          0   __scatter.o
        28          0          0          0          0          0   __scatter_zi.o
        28          0          0          0          0         68   _chval.o
       158          0          0          0          0         92   _strtoul.o
        26          0          0          0          0         80   atoi.o
        12          0          0          0          0         72   exit.o
         6          0          0          0          0        152   heapauxi.o
         0          0          0          0          0          0   indicate_semi.o
        44         10        272          0          0         76   lc_ctype_c.o
         2          0          0          0          0          0   libinit.o
        20          0          0          0          0          0   libinit2.o
         2          0          0          0          0          0   libshutdown.o
         2          0          0          0          0          0   libshutdown2.o
         8          4          0          0         96         68   libspace.o
        16          4          0          0          0         76   rt_ctype_table.o
         8          4          0          0          0         68   rt_errno_addr_intlibspace.o
         8          4          0          0          0         68   rt_locale_intlibspace.o
         2          0          0          0          0          0   rtexit.o
        10          0          0          0          0          0   rtexit2.o
        20          0          0          0          0         68   strchr.o
       128          0          0          0          0         68   strcmpv7m.o
       112          0          0          0          0         88   strtol.o
        12          4          0          0          0         68   sys_exit.o
        74          0          0          0          0         80   sys_stackheap_outer.o
         2          0          0          0          0         68   use_no_semi.o
       804         16          0          0          0        272   daddsub_clz.o
        90          4          0          0          0         92   dfixu.o
        38          0          0          0          0         68   dflt_clz.o
       340         12          0          0          0        104   dmul.o
       156          4          0          0          0         92   dnaninf.o
        12          0          0          0          0         68   dretinf.o
       430          8          0          0          0        168   faddsub_clz.o
        24          0          0          0          0         68   fcmpi.o
       104          4          0          0          0         84   feqf.o
        54          4          0          0          0         84   ffix.o
        62          4          0          0          0         84   ffixu.o
        48          0          0          0          0         68   fflt_clz.o
       104          4          0          0          0         84   fleqf.o
       140          4          0          0          0         84   fnaninf.o
        10          0          0          0          0         68   fretinf.o
        98          0          0          0          0         68   frleqf.o
         0          0          0          0          0          0   usenofp.o

    ----------------------------------------------------------------------
      3418        102        272          0        100       2884   Library Totals
         8          0          0          0          4          0   (incl. Padding)

    ----------------------------------------------------------------------

      Code (inc. data)   RO Data    RW Data    ZI Data      Debug   Library Name

       896         38        272          0         96       1328   c_w.l
      2514         64          0          0          0       1556   fz_ws.l

    ----------------------------------------------------------------------
      3418        102        272          0        100       2884   Library Totals

    ----------------------------------------------------------------------

==============================================================================


      Code (inc. data)   RO Data    RW Data    ZI Data      Debug   

     10456        776        540       5000       2056     334296   Grand Totals
     10456        776        540       3400       2056     334296   ELF Image Totals (compressed)
     10456        776        540       3400          0          0   ROM Totals

==============================================================================

    Total RO  Size (Code + RO Data)                10996 (  10.74kB)
    Total RW  Size (RW Data + ZI Data)              7056 (   6.89kB)
    Total ROM Size (Code + RO Data + RW Data)      14396 (  14.06kB)

==============================================================================

